[2025-05-10T03:28:51.591Z] [INFO] Starting Kraft AI Diagnostics
[2025-05-10T03:28:51.592Z] [INFO] Log file: /Users/ryankrammes/Kraft_AI (App)/DIY_Recipes/modern-diy-recipes/logs/diagnostics-1746847731591.log
[2025-05-10T03:28:51.592Z] [INFO] Process Info:
[2025-05-10T03:28:51.592Z] [INFO] - Node Version: v22.14.0
[2025-05-10T03:28:51.592Z] [INFO] - Platform: darwin
[2025-05-10T03:28:51.592Z] [INFO] - Working Directory: /Users/ryankrammes/Kraft_AI (App)/DIY_Recipes/modern-diy-recipes
[2025-05-10T03:28:51.592Z] [INFO] 
Checking Environment Variables:
[2025-05-10T03:28:51.592Z] [SUCCESS] - NEXT_PUBLIC_SUPABASE_URL: https://bzudglfxxywugesncjnz.supabase.co
[2025-05-10T03:28:51.592Z] [SUCCESS] - NEXT_PUBLIC_SUPABASE_ANON_KEY: eyJhbGciOi...
[2025-05-10T03:28:51.593Z] [SUCCESS] - SUPABASE_SERVICE_ROLE_KEY: eyJhbGciOi...
[2025-05-10T03:28:51.593Z] [SUCCESS] - NEXT_PUBLIC_UI_MODE: terminal
[2025-05-10T03:28:51.593Z] [ERROR] - NEXT_PUBLIC_USE_MOCK_DATA: MISSING
[2025-05-10T03:28:51.593Z] [ERROR] - NEXT_PUBLIC_SUPABASE_NO_MOCK_DATA: MISSING
[2025-05-10T03:28:51.593Z] [WARNING] 2 environment variables are missing
[2025-05-10T03:28:51.593Z] [INFO] 
Testing Supabase Connection:
[2025-05-10T03:28:51.593Z] [INFO] 
Checking if port 3000 is already in use:
[2025-05-10T03:28:51.599Z] [SUCCESS] Port 3000 is available
[2025-05-10T03:28:51.599Z] [INFO] Creating Supabase client...
[2025-05-10T03:28:51.600Z] [SUCCESS] Supabase client created successfully
[2025-05-10T03:28:51.600Z] [INFO] Checking authentication...
[2025-05-10T03:28:51.600Z] [INFO] Not authenticated (anonymous)
[2025-05-10T03:28:51.600Z] [INFO] 
Checking required tables:
[2025-05-10T03:28:51.843Z] [SUCCESS] - recipes: OK
[2025-05-10T03:28:51.923Z] [SUCCESS] - ingredients: OK
[2025-05-10T03:28:52.006Z] [SUCCESS] - recipe_ingredients: OK
[2025-05-10T03:28:52.092Z] [SUCCESS] - iterations: OK
[2025-05-10T03:28:52.177Z] [SUCCESS] - users: OK
[2025-05-10T03:28:52.396Z] [SUCCESS] - user_preferences: OK
[2025-05-10T03:28:52.476Z] [SUCCESS] - tools: OK
[2025-05-10T03:28:52.567Z] [SUCCESS] - library: OK
[2025-05-10T03:28:52.567Z] [INFO] 
Checking exec_sql function:
[2025-05-10T03:28:52.662Z] [ERROR] exec_sql error: materialize mode required, but it is not allowed in this context
[2025-05-10T03:28:52.662Z] [INFO] 
Diagnostic Summary:
[2025-05-10T03:28:52.662Z] [WARNING] Environment Variables: ISSUES FOUND
[2025-05-10T03:28:52.662Z] [SUCCESS] Supabase Connection: OK
[2025-05-10T03:28:52.662Z] [SUCCESS] Port 3000 Available: YES
[2025-05-10T03:28:52.662Z] [SUCCESS] 
The application should be able to run with real data on port 3000
[2025-05-10T03:28:52.662Z] [INFO] 
Diagnostics complete. See log file for details:
[2025-05-10T03:28:52.662Z] [INFO] /Users/ryankrammes/Kraft_AI (App)/DIY_Recipes/modern-diy-recipes/logs/diagnostics-1746847731591.log
