[2025-05-10T05:04:26.782Z] [INFO] Starting Kraft AI Diagnostics
[2025-05-10T05:04:26.783Z] [INFO] Log file: /Users/ryankrammes/Kraft_AI (App)/DIY_Recipes/modern-diy-recipes/logs/diagnostics-1746853466782.log
[2025-05-10T05:04:26.783Z] [INFO] Process Info:
[2025-05-10T05:04:26.783Z] [INFO] - Node Version: v22.14.0
[2025-05-10T05:04:26.783Z] [INFO] - Platform: darwin
[2025-05-10T05:04:26.783Z] [INFO] - Working Directory: /Users/ryankrammes/Kraft_AI (App)/DIY_Recipes/modern-diy-recipes
[2025-05-10T05:04:26.783Z] [INFO] 
Checking Environment Variables:
[2025-05-10T05:04:26.783Z] [SUCCESS] - NEXT_PUBLIC_SUPABASE_URL: https://bzudglfxxywugesncjnz.supabase.co
[2025-05-10T05:04:26.783Z] [SUCCESS] - NEXT_PUBLIC_SUPABASE_ANON_KEY: eyJhbGciOi...
[2025-05-10T05:04:26.783Z] [SUCCESS] - SUPABASE_SERVICE_ROLE_KEY: eyJhbGciOi...
[2025-05-10T05:04:26.784Z] [SUCCESS] - NEXT_PUBLIC_UI_MODE: terminal
[2025-05-10T05:04:26.784Z] [SUCCESS] - NEXT_PUBLIC_USE_MOCK_DATA: false
[2025-05-10T05:04:26.784Z] [SUCCESS] - NEXT_PUBLIC_SUPABASE_NO_MOCK_DATA: true
[2025-05-10T05:04:26.784Z] [SUCCESS] All required environment variables are present
[2025-05-10T05:04:26.784Z] [INFO] 
Testing Supabase Connection:
[2025-05-10T05:04:26.784Z] [INFO] 
Checking if port 3000 is already in use:
[2025-05-10T05:04:26.875Z] [WARNING] Port 3000 is in use. Status: 200
[2025-05-10T05:04:26.876Z] [INFO] 
Diagnostics complete. See log file for details:
[2025-05-10T05:04:26.876Z] [INFO] /Users/ryankrammes/Kraft_AI (App)/DIY_Recipes/modern-diy-recipes/logs/diagnostics-1746853466782.log
[2025-05-10T05:04:28.876Z] [WARNING] Port 3000 check timed out
