[2025-05-10T03:31:25.325Z] [INFO] Starting Kraft AI Diagnostics
[2025-05-10T03:31:25.326Z] [INFO] Log file: /Users/ryankrammes/Kraft_AI (App)/DIY_Recipes/modern-diy-recipes/logs/diagnostics-1746847885325.log
[2025-05-10T03:31:25.326Z] [INFO] Process Info:
[2025-05-10T03:31:25.326Z] [INFO] - Node Version: v22.14.0
[2025-05-10T03:31:25.326Z] [INFO] - Platform: darwin
[2025-05-10T03:31:25.326Z] [INFO] - Working Directory: /Users/ryankrammes/Kraft_AI (App)/DIY_Recipes/modern-diy-recipes
[2025-05-10T03:31:25.326Z] [INFO] 
Checking Environment Variables:
[2025-05-10T03:31:25.326Z] [SUCCESS] - NEXT_PUBLIC_SUPABASE_URL: https://bzudglfxxywugesncjnz.supabase.co
[2025-05-10T03:31:25.326Z] [SUCCESS] - NEXT_PUBLIC_SUPABASE_ANON_KEY: eyJhbGciOi...
[2025-05-10T03:31:25.326Z] [SUCCESS] - SUPABASE_SERVICE_ROLE_KEY: eyJhbGciOi...
[2025-05-10T03:31:25.326Z] [SUCCESS] - NEXT_PUBLIC_UI_MODE: terminal
[2025-05-10T03:31:25.326Z] [SUCCESS] - NEXT_PUBLIC_USE_MOCK_DATA: false
[2025-05-10T03:31:25.326Z] [SUCCESS] - NEXT_PUBLIC_SUPABASE_NO_MOCK_DATA: true
[2025-05-10T03:31:25.327Z] [SUCCESS] All required environment variables are present
[2025-05-10T03:31:25.327Z] [INFO] 
Testing Supabase Connection:
[2025-05-10T03:31:25.327Z] [INFO] 
Checking if port 3000 is already in use:
[2025-05-10T03:31:25.333Z] [SUCCESS] Port 3000 is available
[2025-05-10T03:31:25.333Z] [INFO] Creating Supabase client...
[2025-05-10T03:31:25.334Z] [SUCCESS] Supabase client created successfully
[2025-05-10T03:31:25.334Z] [INFO] Checking authentication...
[2025-05-10T03:31:25.334Z] [INFO] Not authenticated (anonymous)
[2025-05-10T03:31:25.334Z] [INFO] 
Checking required tables:
[2025-05-10T03:31:25.560Z] [SUCCESS] - recipes: OK
[2025-05-10T03:31:25.638Z] [SUCCESS] - ingredients: OK
[2025-05-10T03:31:25.720Z] [SUCCESS] - recipe_ingredients: OK
[2025-05-10T03:31:25.802Z] [SUCCESS] - iterations: OK
[2025-05-10T03:31:25.886Z] [SUCCESS] - users: OK
[2025-05-10T03:31:25.970Z] [SUCCESS] - user_preferences: OK
[2025-05-10T03:31:26.050Z] [SUCCESS] - tools: OK
[2025-05-10T03:31:26.127Z] [SUCCESS] - library: OK
[2025-05-10T03:31:26.128Z] [INFO] 
Checking exec_sql function:
[2025-05-10T03:31:26.192Z] [ERROR] exec_sql error: materialize mode required, but it is not allowed in this context
[2025-05-10T03:31:26.192Z] [INFO] 
Diagnostic Summary:
[2025-05-10T03:31:26.193Z] [SUCCESS] Environment Variables: OK
[2025-05-10T03:31:26.193Z] [SUCCESS] Supabase Connection: OK
[2025-05-10T03:31:26.193Z] [SUCCESS] Port 3000 Available: YES
[2025-05-10T03:31:26.193Z] [SUCCESS] 
The application should be able to run with real data on port 3000
[2025-05-10T03:31:26.193Z] [INFO] 
Diagnostics complete. See log file for details:
[2025-05-10T03:31:26.193Z] [INFO] /Users/ryankrammes/Kraft_AI (App)/DIY_Recipes/modern-diy-recipes/logs/diagnostics-1746847885325.log
