   ▲ Next.js 15.3.0
   - Local:        http://localhost:3000
   - Network:      http://192.168.1.148:3000
   - Environments: .env.local, .env

 ✓ Starting...
 ✓ Ready in 1021ms
 ✓ Compiled /middleware in 436ms (248 modules)
[2025-05-11T02:46:28.105Z] Request: GET /
- User-Agent: curl/8.7.1
- Referrer: null
- Host: localhost:3000
- IP: unknown
Development mode: Skipping authentication check
 ○ Compiling / ...
 ✓ Compiled / in 2.3s (1157 modules)
Module "DIY Formulations" (formulations) registered successfully
Module "Settings" (settings) registered successfully
 GET / 200 in 2528ms
[2025-05-11T02:46:30.826Z] Request: GET /kraft-modular
- User-Agent: Mozilla/5.0 (Macintosh; Intel Mac OS X 10_15_7) AppleWebKit/605.1.15 (KHTML, like Gecko) Version/18.5 Safari/605.1.15
- Referrer: null
- Host: localhost:3000
- IP: unknown
Development mode: Skipping authentication check
 ✓ Compiled /kraft-modular in 496ms (1124 modules)
Module "DIY Formulations" (formulations) registered successfully
Module "Settings" (settings) registered successfully
 GET /kraft-modular 200 in 600ms
[2025-05-11T02:46:31.462Z] Request: GET /fonts/JetBrainsMono-Regular.woff2
- User-Agent: Mozilla/5.0 (Macintosh; Intel Mac OS X 10_15_7) AppleWebKit/605.1.15 (KHTML, like Gecko) Version/18.5 Safari/605.1.15
- Referrer: http://localhost:3000/kraft-modular
- Host: localhost:3000
- IP: unknown
[2025-05-11T02:46:31.470Z] Request: GET /fonts/Px437_IBM_VGA_8x16.woff
- User-Agent: Mozilla/5.0 (Macintosh; Intel Mac OS X 10_15_7) AppleWebKit/605.1.15 (KHTML, like Gecko) Version/18.5 Safari/605.1.15
- Referrer: http://localhost:3000/kraft-modular
- Host: localhost:3000
- IP: unknown
[2025-05-11T02:46:31.478Z] Request: GET /fonts/Share_Tech_Mono.woff
- User-Agent: Mozilla/5.0 (Macintosh; Intel Mac OS X 10_15_7) AppleWebKit/605.1.15 (KHTML, like Gecko) Version/18.5 Safari/605.1.15
- Referrer: http://localhost:3000/kraft-modular
- Host: localhost:3000
- IP: unknown
[2025-05-11T02:46:31.720Z] Request: HEAD /fonts/IBMPlexMono-Regular.woff2
- User-Agent: Mozilla/5.0 (Macintosh; Intel Mac OS X 10_15_7) AppleWebKit/605.1.15 (KHTML, like Gecko) Version/18.5 Safari/605.1.15
- Referrer: http://localhost:3000/kraft-modular
- Host: localhost:3000
- IP: unknown
[2025-05-11T02:46:31.720Z] Request: HEAD /fonts/IBMPlexMono-Medium.woff2
- User-Agent: Mozilla/5.0 (Macintosh; Intel Mac OS X 10_15_7) AppleWebKit/605.1.15 (KHTML, like Gecko) Version/18.5 Safari/605.1.15
- Referrer: http://localhost:3000/kraft-modular
- Host: localhost:3000
- IP: unknown
[2025-05-11T02:46:31.720Z] Request: HEAD /fonts/IBMPlexMono-Bold.woff2
- User-Agent: Mozilla/5.0 (Macintosh; Intel Mac OS X 10_15_7) AppleWebKit/605.1.15 (KHTML, like Gecko) Version/18.5 Safari/605.1.15
- Referrer: http://localhost:3000/kraft-modular
- Host: localhost:3000
- IP: unknown
[2025-05-11T02:46:31.720Z] Request: HEAD /fonts/JetBrainsMono-Regular.woff2
- User-Agent: Mozilla/5.0 (Macintosh; Intel Mac OS X 10_15_7) AppleWebKit/605.1.15 (KHTML, like Gecko) Version/18.5 Safari/605.1.15
- Referrer: http://localhost:3000/kraft-modular
- Host: localhost:3000
- IP: unknown
[2025-05-11T02:46:31.720Z] Request: HEAD /fonts/Px437_IBM_VGA_8x16.woff
- User-Agent: Mozilla/5.0 (Macintosh; Intel Mac OS X 10_15_7) AppleWebKit/605.1.15 (KHTML, like Gecko) Version/18.5 Safari/605.1.15
- Referrer: http://localhost:3000/kraft-modular
- Host: localhost:3000
- IP: unknown
[2025-05-11T02:46:31.723Z] Request: HEAD /fonts/Share_Tech_Mono.woff
- User-Agent: Mozilla/5.0 (Macintosh; Intel Mac OS X 10_15_7) AppleWebKit/605.1.15 (KHTML, like Gecko) Version/18.5 Safari/605.1.15
- Referrer: http://localhost:3000/kraft-modular
- Host: localhost:3000
- IP: unknown
[2025-05-11T02:46:31.731Z] Request: HEAD /fonts/IBMPlexMono-Medium.woff2
- User-Agent: Mozilla/5.0 (Macintosh; Intel Mac OS X 10_15_7) AppleWebKit/605.1.15 (KHTML, like Gecko) Version/18.5 Safari/605.1.15
- Referrer: http://localhost:3000/kraft-modular
- Host: localhost:3000
- IP: unknown
[2025-05-11T02:46:31.731Z] Request: HEAD /fonts/JetBrainsMono-Regular.woff2
- User-Agent: Mozilla/5.0 (Macintosh; Intel Mac OS X 10_15_7) AppleWebKit/605.1.15 (KHTML, like Gecko) Version/18.5 Safari/605.1.15
- Referrer: http://localhost:3000/kraft-modular
- Host: localhost:3000
- IP: unknown
[2025-05-11T02:46:31.731Z] Request: HEAD /fonts/IBMPlexMono-Bold.woff2
- User-Agent: Mozilla/5.0 (Macintosh; Intel Mac OS X 10_15_7) AppleWebKit/605.1.15 (KHTML, like Gecko) Version/18.5 Safari/605.1.15
- Referrer: http://localhost:3000/kraft-modular
- Host: localhost:3000
- IP: unknown
[2025-05-11T02:46:31.731Z] Request: HEAD /fonts/IBMPlexMono-Regular.woff2
- User-Agent: Mozilla/5.0 (Macintosh; Intel Mac OS X 10_15_7) AppleWebKit/605.1.15 (KHTML, like Gecko) Version/18.5 Safari/605.1.15
- Referrer: http://localhost:3000/kraft-modular
- Host: localhost:3000
- IP: unknown
[2025-05-11T02:46:31.731Z] Request: HEAD /fonts/Px437_IBM_VGA_8x16.woff
- User-Agent: Mozilla/5.0 (Macintosh; Intel Mac OS X 10_15_7) AppleWebKit/605.1.15 (KHTML, like Gecko) Version/18.5 Safari/605.1.15
- Referrer: http://localhost:3000/kraft-modular
- Host: localhost:3000
- IP: unknown
[2025-05-11T02:46:31.731Z] Request: HEAD /fonts/Share_Tech_Mono.woff
- User-Agent: Mozilla/5.0 (Macintosh; Intel Mac OS X 10_15_7) AppleWebKit/605.1.15 (KHTML, like Gecko) Version/18.5 Safari/605.1.15
- Referrer: http://localhost:3000/kraft-modular
- Host: localhost:3000
- IP: unknown
[2025-05-11T02:46:31.738Z] Request: GET /fonts/IBMPlexMono-Medium.woff2
- User-Agent: Mozilla/5.0 (Macintosh; Intel Mac OS X 10_15_7) AppleWebKit/605.1.15 (KHTML, like Gecko) Version/18.5 Safari/605.1.15
- Referrer: http://localhost:3000/kraft-modular
- Host: localhost:3000
- IP: unknown
[2025-05-11T02:46:31.739Z] Request: GET /fonts/IBMPlexMono-Regular.woff2
- User-Agent: Mozilla/5.0 (Macintosh; Intel Mac OS X 10_15_7) AppleWebKit/605.1.15 (KHTML, like Gecko) Version/18.5 Safari/605.1.15
- Referrer: http://localhost:3000/kraft-modular
- Host: localhost:3000
- IP: unknown
[2025-05-11T02:46:31.739Z] Request: GET /fonts/JetBrainsMono-Regular.woff2
- User-Agent: Mozilla/5.0 (Macintosh; Intel Mac OS X 10_15_7) AppleWebKit/605.1.15 (KHTML, like Gecko) Version/18.5 Safari/605.1.15
- Referrer: http://localhost:3000/kraft-modular
- Host: localhost:3000
- IP: unknown
[2025-05-11T02:46:31.743Z] Request: GET /fonts/IBMPlexMono-Bold.woff2
- User-Agent: Mozilla/5.0 (Macintosh; Intel Mac OS X 10_15_7) AppleWebKit/605.1.15 (KHTML, like Gecko) Version/18.5 Safari/605.1.15
- Referrer: http://localhost:3000/kraft-modular
- Host: localhost:3000
- IP: unknown
[2025-05-11T02:46:31.743Z] Request: GET /fonts/Px437_IBM_VGA_8x16.woff
- User-Agent: Mozilla/5.0 (Macintosh; Intel Mac OS X 10_15_7) AppleWebKit/605.1.15 (KHTML, like Gecko) Version/18.5 Safari/605.1.15
- Referrer: http://localhost:3000/kraft-modular
- Host: localhost:3000
- IP: unknown
[2025-05-11T02:46:31.743Z] Request: GET /fonts/Share_Tech_Mono.woff
- User-Agent: Mozilla/5.0 (Macintosh; Intel Mac OS X 10_15_7) AppleWebKit/605.1.15 (KHTML, like Gecko) Version/18.5 Safari/605.1.15
- Referrer: http://localhost:3000/kraft-modular
- Host: localhost:3000
- IP: unknown
[2025-05-11T02:46:31.752Z] Request: GET /fonts/IBMPlexMono-Medium.woff2
- User-Agent: Mozilla/5.0 (Macintosh; Intel Mac OS X 10_15_7) AppleWebKit/605.1.15 (KHTML, like Gecko) Version/18.5 Safari/605.1.15
- Referrer: http://localhost:3000/kraft-modular
- Host: localhost:3000
- IP: unknown
[2025-05-11T02:46:31.752Z] Request: GET /fonts/IBMPlexMono-Bold.woff2
- User-Agent: Mozilla/5.0 (Macintosh; Intel Mac OS X 10_15_7) AppleWebKit/605.1.15 (KHTML, like Gecko) Version/18.5 Safari/605.1.15
- Referrer: http://localhost:3000/kraft-modular
- Host: localhost:3000
- IP: unknown
[2025-05-11T02:46:31.752Z] Request: GET /fonts/JetBrainsMono-Regular.woff2
- User-Agent: Mozilla/5.0 (Macintosh; Intel Mac OS X 10_15_7) AppleWebKit/605.1.15 (KHTML, like Gecko) Version/18.5 Safari/605.1.15
- Referrer: http://localhost:3000/kraft-modular
- Host: localhost:3000
- IP: unknown
[2025-05-11T02:46:31.752Z] Request: GET /fonts/IBMPlexMono-Regular.woff2
- User-Agent: Mozilla/5.0 (Macintosh; Intel Mac OS X 10_15_7) AppleWebKit/605.1.15 (KHTML, like Gecko) Version/18.5 Safari/605.1.15
- Referrer: http://localhost:3000/kraft-modular
- Host: localhost:3000
- IP: unknown
[2025-05-11T02:46:31.752Z] Request: GET /fonts/Px437_IBM_VGA_8x16.woff
- User-Agent: Mozilla/5.0 (Macintosh; Intel Mac OS X 10_15_7) AppleWebKit/605.1.15 (KHTML, like Gecko) Version/18.5 Safari/605.1.15
- Referrer: http://localhost:3000/kraft-modular
- Host: localhost:3000
- IP: unknown
[2025-05-11T02:46:31.755Z] Request: GET /fonts/Share_Tech_Mono.woff
- User-Agent: Mozilla/5.0 (Macintosh; Intel Mac OS X 10_15_7) AppleWebKit/605.1.15 (KHTML, like Gecko) Version/18.5 Safari/605.1.15
- Referrer: http://localhost:3000/kraft-modular
- Host: localhost:3000
- IP: unknown
