   ▲ Next.js 15.3.0
   - Local:        http://localhost:3000
   - Network:      http://192.168.1.148:3000
   - Environments: .env.local, .env

 ✓ Starting...
 ✓ Ready in 1069ms
 ✓ Compiled /middleware in 462ms (248 modules)
[2025-05-11T02:39:03.728Z] Request: GET /
- User-Agent: curl/8.7.1
- Referrer: null
- Host: localhost:3000
- IP: unknown
Development mode: Skipping authentication check
 ○ Compiling / ...
 ✓ Compiled / in 2.4s (1141 modules)
Module "DIY Formulations" (formulations) registered successfully
Module "Settings" (settings) registered successfully
 GET / 200 in 2637ms
[2025-05-11T02:39:06.601Z] Request: GET /kraft-modular
- User-Agent: Mozilla/5.0 (Macintosh; Intel Mac OS X 10_15_7) AppleWebKit/605.1.15 (KHTML, like Gecko) Version/18.5 Safari/605.1.15
- Referrer: null
- Host: localhost:3000
- IP: unknown
Development mode: Skipping authentication check
 ○ Compiling /kraft-modular ...
 ✓ Compiled /kraft-modular in 522ms (1121 modules)
Module "DIY Formulations" (formulations) registered successfully
Module "Settings" (settings) registered successfully
 GET /kraft-modular 200 in 632ms
[2025-05-11T02:39:07.272Z] Request: GET /fonts/Share_Tech_Mono.woff
- User-Agent: Mozilla/5.0 (Macintosh; Intel Mac OS X 10_15_7) AppleWebKit/605.1.15 (KHTML, like Gecko) Version/18.5 Safari/605.1.15
- Referrer: http://localhost:3000/kraft-modular
- Host: localhost:3000
- IP: unknown
[2025-05-11T02:39:07.564Z] Request: HEAD /fonts/IBMPlexMono-Regular.woff2
- User-Agent: Mozilla/5.0 (Macintosh; Intel Mac OS X 10_15_7) AppleWebKit/605.1.15 (KHTML, like Gecko) Version/18.5 Safari/605.1.15
- Referrer: http://localhost:3000/kraft-modular
- Host: localhost:3000
- IP: unknown
[2025-05-11T02:39:07.564Z] Request: HEAD /fonts/IBMPlexMono-Medium.woff2
- User-Agent: Mozilla/5.0 (Macintosh; Intel Mac OS X 10_15_7) AppleWebKit/605.1.15 (KHTML, like Gecko) Version/18.5 Safari/605.1.15
- Referrer: http://localhost:3000/kraft-modular
- Host: localhost:3000
- IP: unknown
[2025-05-11T02:39:07.564Z] Request: HEAD /fonts/JetBrainsMono-Regular.woff2
- User-Agent: Mozilla/5.0 (Macintosh; Intel Mac OS X 10_15_7) AppleWebKit/605.1.15 (KHTML, like Gecko) Version/18.5 Safari/605.1.15
- Referrer: http://localhost:3000/kraft-modular
- Host: localhost:3000
- IP: unknown
[2025-05-11T02:39:07.564Z] Request: HEAD /fonts/IBMPlexMono-Bold.woff2
- User-Agent: Mozilla/5.0 (Macintosh; Intel Mac OS X 10_15_7) AppleWebKit/605.1.15 (KHTML, like Gecko) Version/18.5 Safari/605.1.15
- Referrer: http://localhost:3000/kraft-modular
- Host: localhost:3000
- IP: unknown
[2025-05-11T02:39:07.564Z] Request: HEAD /fonts/Px437_IBM_VGA_8x16.woff
- User-Agent: Mozilla/5.0 (Macintosh; Intel Mac OS X 10_15_7) AppleWebKit/605.1.15 (KHTML, like Gecko) Version/18.5 Safari/605.1.15
- Referrer: http://localhost:3000/kraft-modular
- Host: localhost:3000
- IP: unknown
[2025-05-11T02:39:07.569Z] Request: HEAD /fonts/Share_Tech_Mono.woff
- User-Agent: Mozilla/5.0 (Macintosh; Intel Mac OS X 10_15_7) AppleWebKit/605.1.15 (KHTML, like Gecko) Version/18.5 Safari/605.1.15
- Referrer: http://localhost:3000/kraft-modular
- Host: localhost:3000
- IP: unknown
[2025-05-11T02:39:07.576Z] Request: HEAD /fonts/IBMPlexMono-Regular.woff2
- User-Agent: Mozilla/5.0 (Macintosh; Intel Mac OS X 10_15_7) AppleWebKit/605.1.15 (KHTML, like Gecko) Version/18.5 Safari/605.1.15
- Referrer: http://localhost:3000/kraft-modular
- Host: localhost:3000
- IP: unknown
[2025-05-11T02:39:07.577Z] Request: HEAD /fonts/IBMPlexMono-Bold.woff2
- User-Agent: Mozilla/5.0 (Macintosh; Intel Mac OS X 10_15_7) AppleWebKit/605.1.15 (KHTML, like Gecko) Version/18.5 Safari/605.1.15
- Referrer: http://localhost:3000/kraft-modular
- Host: localhost:3000
- IP: unknown
[2025-05-11T02:39:07.577Z] Request: HEAD /fonts/IBMPlexMono-Medium.woff2
- User-Agent: Mozilla/5.0 (Macintosh; Intel Mac OS X 10_15_7) AppleWebKit/605.1.15 (KHTML, like Gecko) Version/18.5 Safari/605.1.15
- Referrer: http://localhost:3000/kraft-modular
- Host: localhost:3000
- IP: unknown
[2025-05-11T02:39:07.577Z] Request: HEAD /fonts/JetBrainsMono-Regular.woff2
- User-Agent: Mozilla/5.0 (Macintosh; Intel Mac OS X 10_15_7) AppleWebKit/605.1.15 (KHTML, like Gecko) Version/18.5 Safari/605.1.15
- Referrer: http://localhost:3000/kraft-modular
- Host: localhost:3000
- IP: unknown
[2025-05-11T02:39:07.577Z] Request: HEAD /fonts/Px437_IBM_VGA_8x16.woff
- User-Agent: Mozilla/5.0 (Macintosh; Intel Mac OS X 10_15_7) AppleWebKit/605.1.15 (KHTML, like Gecko) Version/18.5 Safari/605.1.15
- Referrer: http://localhost:3000/kraft-modular
- Host: localhost:3000
- IP: unknown
[2025-05-11T02:39:07.579Z] Request: HEAD /fonts/Share_Tech_Mono.woff
- User-Agent: Mozilla/5.0 (Macintosh; Intel Mac OS X 10_15_7) AppleWebKit/605.1.15 (KHTML, like Gecko) Version/18.5 Safari/605.1.15
- Referrer: http://localhost:3000/kraft-modular
- Host: localhost:3000
- IP: unknown
[2025-05-11T02:39:07.585Z] Request: GET /fonts/IBMPlexMono-Regular.woff2
- User-Agent: Mozilla/5.0 (Macintosh; Intel Mac OS X 10_15_7) AppleWebKit/605.1.15 (KHTML, like Gecko) Version/18.5 Safari/605.1.15
- Referrer: http://localhost:3000/kraft-modular
- Host: localhost:3000
- IP: unknown
[2025-05-11T02:39:07.586Z] Request: GET /fonts/JetBrainsMono-Regular.woff2
- User-Agent: Mozilla/5.0 (Macintosh; Intel Mac OS X 10_15_7) AppleWebKit/605.1.15 (KHTML, like Gecko) Version/18.5 Safari/605.1.15
- Referrer: http://localhost:3000/kraft-modular
- Host: localhost:3000
- IP: unknown
[2025-05-11T02:39:07.586Z] Request: GET /fonts/IBMPlexMono-Medium.woff2
- User-Agent: Mozilla/5.0 (Macintosh; Intel Mac OS X 10_15_7) AppleWebKit/605.1.15 (KHTML, like Gecko) Version/18.5 Safari/605.1.15
- Referrer: http://localhost:3000/kraft-modular
- Host: localhost:3000
- IP: unknown
[2025-05-11T02:39:07.586Z] Request: GET /fonts/IBMPlexMono-Bold.woff2
- User-Agent: Mozilla/5.0 (Macintosh; Intel Mac OS X 10_15_7) AppleWebKit/605.1.15 (KHTML, like Gecko) Version/18.5 Safari/605.1.15
- Referrer: http://localhost:3000/kraft-modular
- Host: localhost:3000
- IP: unknown
[2025-05-11T02:39:07.586Z] Request: GET /fonts/Px437_IBM_VGA_8x16.woff
- User-Agent: Mozilla/5.0 (Macintosh; Intel Mac OS X 10_15_7) AppleWebKit/605.1.15 (KHTML, like Gecko) Version/18.5 Safari/605.1.15
- Referrer: http://localhost:3000/kraft-modular
- Host: localhost:3000
- IP: unknown
[2025-05-11T02:39:07.589Z] Request: GET /fonts/Share_Tech_Mono.woff
- User-Agent: Mozilla/5.0 (Macintosh; Intel Mac OS X 10_15_7) AppleWebKit/605.1.15 (KHTML, like Gecko) Version/18.5 Safari/605.1.15
- Referrer: http://localhost:3000/kraft-modular
- Host: localhost:3000
- IP: unknown
[2025-05-11T02:39:07.596Z] Request: GET /fonts/IBMPlexMono-Regular.woff2
- User-Agent: Mozilla/5.0 (Macintosh; Intel Mac OS X 10_15_7) AppleWebKit/605.1.15 (KHTML, like Gecko) Version/18.5 Safari/605.1.15
- Referrer: http://localhost:3000/kraft-modular
- Host: localhost:3000
- IP: unknown
[2025-05-11T02:39:07.596Z] Request: GET /fonts/JetBrainsMono-Regular.woff2
- User-Agent: Mozilla/5.0 (Macintosh; Intel Mac OS X 10_15_7) AppleWebKit/605.1.15 (KHTML, like Gecko) Version/18.5 Safari/605.1.15
- Referrer: http://localhost:3000/kraft-modular
- Host: localhost:3000
- IP: unknown
[2025-05-11T02:39:07.597Z] Request: GET /fonts/IBMPlexMono-Medium.woff2
- User-Agent: Mozilla/5.0 (Macintosh; Intel Mac OS X 10_15_7) AppleWebKit/605.1.15 (KHTML, like Gecko) Version/18.5 Safari/605.1.15
- Referrer: http://localhost:3000/kraft-modular
- Host: localhost:3000
- IP: unknown
[2025-05-11T02:39:07.597Z] Request: GET /fonts/IBMPlexMono-Bold.woff2
- User-Agent: Mozilla/5.0 (Macintosh; Intel Mac OS X 10_15_7) AppleWebKit/605.1.15 (KHTML, like Gecko) Version/18.5 Safari/605.1.15
- Referrer: http://localhost:3000/kraft-modular
- Host: localhost:3000
- IP: unknown
[2025-05-11T02:39:07.597Z] Request: GET /fonts/Px437_IBM_VGA_8x16.woff
- User-Agent: Mozilla/5.0 (Macintosh; Intel Mac OS X 10_15_7) AppleWebKit/605.1.15 (KHTML, like Gecko) Version/18.5 Safari/605.1.15
- Referrer: http://localhost:3000/kraft-modular
- Host: localhost:3000
- IP: unknown
[2025-05-11T02:39:07.600Z] Request: GET /fonts/Share_Tech_Mono.woff
- User-Agent: Mozilla/5.0 (Macintosh; Intel Mac OS X 10_15_7) AppleWebKit/605.1.15 (KHTML, like Gecko) Version/18.5 Safari/605.1.15
- Referrer: http://localhost:3000/kraft-modular
- Host: localhost:3000
- IP: unknown
[2025-05-11T02:39:48.606Z] Request: GET /
- User-Agent: Mozilla/5.0 (Macintosh; Intel Mac OS X 10_15_7) AppleWebKit/537.36 (KHTML, like Gecko) Chrome/135.0.0.0 Safari/537.36
- Referrer: http://localhost:3000/
- Host: localhost:3000
- IP: unknown
Development mode: Skipping authentication check
 GET / 200 in 36ms
[2025-05-11T02:39:48.899Z] Request: GET /fonts/JetBrainsMono-Regular.woff2
- User-Agent: Mozilla/5.0 (Macintosh; Intel Mac OS X 10_15_7) AppleWebKit/537.36 (KHTML, like Gecko) Chrome/135.0.0.0 Safari/537.36
- Referrer: http://localhost:3000/
- Host: localhost:3000
- IP: unknown
[2025-05-11T02:39:48.901Z] Request: GET /fonts/IBMPlexMono-Regular.woff2
- User-Agent: Mozilla/5.0 (Macintosh; Intel Mac OS X 10_15_7) AppleWebKit/537.36 (KHTML, like Gecko) Chrome/135.0.0.0 Safari/537.36
- Referrer: http://localhost:3000/
- Host: localhost:3000
- IP: unknown
[2025-05-11T02:39:48.901Z] Request: GET /fonts/JetBrainsMono-Regular.woff2
- User-Agent: Mozilla/5.0 (Macintosh; Intel Mac OS X 10_15_7) AppleWebKit/537.36 (KHTML, like Gecko) Chrome/135.0.0.0 Safari/537.36
- Referrer: http://localhost:3000/
- Host: localhost:3000
- IP: unknown
[2025-05-11T02:39:48.901Z] Request: GET /fonts/IBMPlexMono-Medium.woff2
- User-Agent: Mozilla/5.0 (Macintosh; Intel Mac OS X 10_15_7) AppleWebKit/537.36 (KHTML, like Gecko) Chrome/135.0.0.0 Safari/537.36
- Referrer: http://localhost:3000/
- Host: localhost:3000
- IP: unknown
[2025-05-11T02:39:48.901Z] Request: GET /fonts/Px437_IBM_VGA_8x16.woff
- User-Agent: Mozilla/5.0 (Macintosh; Intel Mac OS X 10_15_7) AppleWebKit/537.36 (KHTML, like Gecko) Chrome/135.0.0.0 Safari/537.36
- Referrer: http://localhost:3000/
- Host: localhost:3000
- IP: unknown
[2025-05-11T02:39:48.901Z] Request: GET /fonts/Share_Tech_Mono.woff
- User-Agent: Mozilla/5.0 (Macintosh; Intel Mac OS X 10_15_7) AppleWebKit/537.36 (KHTML, like Gecko) Chrome/135.0.0.0 Safari/537.36
- Referrer: http://localhost:3000/
- Host: localhost:3000
- IP: unknown
[2025-05-11T02:39:48.910Z] Request: GET /fonts/IBMPlexMono-Bold.woff2
- User-Agent: Mozilla/5.0 (Macintosh; Intel Mac OS X 10_15_7) AppleWebKit/537.36 (KHTML, like Gecko) Chrome/135.0.0.0 Safari/537.36
- Referrer: http://localhost:3000/
- Host: localhost:3000
- IP: unknown
