   ▲ Next.js 15.3.0
   - Local:        http://localhost:3000
   - Network:      http://192.168.1.148:3000
   - Environments: .env.local, .env

 ✓ Starting...
 ✓ Ready in 1066ms
 ✓ Compiled /middleware in 431ms (248 modules)
[2025-05-11T03:02:47.388Z] Request: HEAD /
- User-Agent: null
- Referrer: null
- Host: localhost:3000
- IP: unknown
Development mode: Skipping authentication check
 ○ Compiling / ...
 ✓ Compiled / in 2.4s (1157 modules)
Module "DIY Formulations" (formulations) registered successfully
Module "Settings" (settings) registered successfully
 HEAD / 200 in 2608ms
[2025-05-11T03:03:01.180Z] Request: GET /kraft-modular
- User-Agent: curl/8.7.1
- Referrer: null
- Host: localhost:3000
- IP: unknown
Development mode: Skipping authentication check
 ✓ Compiled /kraft-modular in 249ms (1124 modules)
Module "DIY Formulations" (formulations) registered successfully
Module "Settings" (settings) registered successfully
 GET /kraft-modular 200 in 371ms
[2025-05-11T03:03:26.884Z] Request: GET /
- User-Agent: Mozilla/5.0 (Macintosh; Intel Mac OS X 10_15_7) AppleWebKit/537.36 (KHTML, like Gecko) Chrome/135.0.0.0 Safari/537.36
- Referrer: http://localhost:3000/
- Host: localhost:3000
- IP: unknown
Development mode: Skipping authentication check
 GET / 200 in 60ms
[2025-05-11T03:03:27.197Z] Request: GET /fonts/IBMPlexMono-Regular.woff2
- User-Agent: Mozilla/5.0 (Macintosh; Intel Mac OS X 10_15_7) AppleWebKit/537.36 (KHTML, like Gecko) Chrome/135.0.0.0 Safari/537.36
- Referrer: http://localhost:3000/
- Host: localhost:3000
- IP: unknown
[2025-05-11T03:03:27.197Z] Request: GET /fonts/IBMPlexMono-Bold.woff2
- User-Agent: Mozilla/5.0 (Macintosh; Intel Mac OS X 10_15_7) AppleWebKit/537.36 (KHTML, like Gecko) Chrome/135.0.0.0 Safari/537.36
- Referrer: http://localhost:3000/
- Host: localhost:3000
- IP: unknown
[2025-05-11T03:03:27.197Z] Request: GET /fonts/IBMPlexMono-Medium.woff2
- User-Agent: Mozilla/5.0 (Macintosh; Intel Mac OS X 10_15_7) AppleWebKit/537.36 (KHTML, like Gecko) Chrome/135.0.0.0 Safari/537.36
- Referrer: http://localhost:3000/
- Host: localhost:3000
- IP: unknown
[2025-05-11T03:03:27.197Z] Request: GET /fonts/IBMPlexMono-Regular.woff2
- User-Agent: Mozilla/5.0 (Macintosh; Intel Mac OS X 10_15_7) AppleWebKit/537.36 (KHTML, like Gecko) Chrome/135.0.0.0 Safari/537.36
- Referrer: http://localhost:3000/
- Host: localhost:3000
- IP: unknown
[2025-05-11T03:03:27.198Z] Request: GET /fonts/JetBrainsMono-Regular.woff2
- User-Agent: Mozilla/5.0 (Macintosh; Intel Mac OS X 10_15_7) AppleWebKit/537.36 (KHTML, like Gecko) Chrome/135.0.0.0 Safari/537.36
- Referrer: http://localhost:3000/
- Host: localhost:3000
- IP: unknown
[2025-05-11T03:03:27.198Z] Request: GET /fonts/Px437_IBM_VGA_8x16.woff
- User-Agent: Mozilla/5.0 (Macintosh; Intel Mac OS X 10_15_7) AppleWebKit/537.36 (KHTML, like Gecko) Chrome/135.0.0.0 Safari/537.36
- Referrer: http://localhost:3000/
- Host: localhost:3000
- IP: unknown
[2025-05-11T03:03:27.212Z] Request: GET /fonts/IBMPlexMono-Medium.woff2
- User-Agent: Mozilla/5.0 (Macintosh; Intel Mac OS X 10_15_7) AppleWebKit/537.36 (KHTML, like Gecko) Chrome/135.0.0.0 Safari/537.36
- Referrer: http://localhost:3000/
- Host: localhost:3000
- IP: unknown
[2025-05-11T03:03:27.212Z] Request: GET /fonts/Share_Tech_Mono.woff
- User-Agent: Mozilla/5.0 (Macintosh; Intel Mac OS X 10_15_7) AppleWebKit/537.36 (KHTML, like Gecko) Chrome/135.0.0.0 Safari/537.36
- Referrer: http://localhost:3000/
- Host: localhost:3000
- IP: unknown
[2025-05-11T03:03:27.212Z] Request: GET /fonts/JetBrainsMono-Regular.woff2
- User-Agent: Mozilla/5.0 (Macintosh; Intel Mac OS X 10_15_7) AppleWebKit/537.36 (KHTML, like Gecko) Chrome/135.0.0.0 Safari/537.36
- Referrer: http://localhost:3000/
- Host: localhost:3000
- IP: unknown
[2025-05-11T03:03:27.212Z] Request: GET /fonts/IBMPlexMono-Bold.woff2
- User-Agent: Mozilla/5.0 (Macintosh; Intel Mac OS X 10_15_7) AppleWebKit/537.36 (KHTML, like Gecko) Chrome/135.0.0.0 Safari/537.36
- Referrer: http://localhost:3000/
- Host: localhost:3000
- IP: unknown
[2025-05-11T03:03:27.212Z] Request: GET /fonts/Px437_IBM_VGA_8x16.woff
- User-Agent: Mozilla/5.0 (Macintosh; Intel Mac OS X 10_15_7) AppleWebKit/537.36 (KHTML, like Gecko) Chrome/135.0.0.0 Safari/537.36
- Referrer: http://localhost:3000/
- Host: localhost:3000
- IP: unknown
[2025-05-11T03:03:27.212Z] Request: GET /fonts/Share_Tech_Mono.woff
- User-Agent: Mozilla/5.0 (Macintosh; Intel Mac OS X 10_15_7) AppleWebKit/537.36 (KHTML, like Gecko) Chrome/135.0.0.0 Safari/537.36
- Referrer: http://localhost:3000/
- Host: localhost:3000
- IP: unknown
[2025-05-11T03:03:31.499Z] Request: GET /
- User-Agent: Mozilla/5.0 (Macintosh; Intel Mac OS X 10_15_7) AppleWebKit/537.36 (KHTML, like Gecko) Chrome/135.0.0.0 Safari/537.36
- Referrer: http://localhost:3000/
- Host: localhost:3000
- IP: unknown
Development mode: Skipping authentication check
 GET / 200 in 26ms
[2025-05-11T03:03:31.803Z] Request: GET /fonts/IBMPlexMono-Regular.woff2
- User-Agent: Mozilla/5.0 (Macintosh; Intel Mac OS X 10_15_7) AppleWebKit/537.36 (KHTML, like Gecko) Chrome/135.0.0.0 Safari/537.36
- Referrer: http://localhost:3000/
- Host: localhost:3000
- IP: unknown
[2025-05-11T03:03:31.803Z] Request: GET /fonts/IBMPlexMono-Medium.woff2
- User-Agent: Mozilla/5.0 (Macintosh; Intel Mac OS X 10_15_7) AppleWebKit/537.36 (KHTML, like Gecko) Chrome/135.0.0.0 Safari/537.36
- Referrer: http://localhost:3000/
- Host: localhost:3000
- IP: unknown
[2025-05-11T03:03:31.803Z] Request: GET /fonts/IBMPlexMono-Bold.woff2
- User-Agent: Mozilla/5.0 (Macintosh; Intel Mac OS X 10_15_7) AppleWebKit/537.36 (KHTML, like Gecko) Chrome/135.0.0.0 Safari/537.36
- Referrer: http://localhost:3000/
- Host: localhost:3000
- IP: unknown
[2025-05-11T03:03:31.803Z] Request: GET /fonts/JetBrainsMono-Regular.woff2
- User-Agent: Mozilla/5.0 (Macintosh; Intel Mac OS X 10_15_7) AppleWebKit/537.36 (KHTML, like Gecko) Chrome/135.0.0.0 Safari/537.36
- Referrer: http://localhost:3000/
- Host: localhost:3000
- IP: unknown
[2025-05-11T03:03:31.804Z] Request: GET /fonts/Px437_IBM_VGA_8x16.woff
- User-Agent: Mozilla/5.0 (Macintosh; Intel Mac OS X 10_15_7) AppleWebKit/537.36 (KHTML, like Gecko) Chrome/135.0.0.0 Safari/537.36
- Referrer: http://localhost:3000/
- Host: localhost:3000
- IP: unknown
[2025-05-11T03:03:31.804Z] Request: GET /fonts/Share_Tech_Mono.woff
- User-Agent: Mozilla/5.0 (Macintosh; Intel Mac OS X 10_15_7) AppleWebKit/537.36 (KHTML, like Gecko) Chrome/135.0.0.0 Safari/537.36
- Referrer: http://localhost:3000/
- Host: localhost:3000
- IP: unknown
[2025-05-11T03:03:31.812Z] Request: GET /fonts/IBMPlexMono-Medium.woff2
- User-Agent: Mozilla/5.0 (Macintosh; Intel Mac OS X 10_15_7) AppleWebKit/537.36 (KHTML, like Gecko) Chrome/135.0.0.0 Safari/537.36
- Referrer: http://localhost:3000/
- Host: localhost:3000
- IP: unknown
[2025-05-11T03:03:31.812Z] Request: GET /fonts/IBMPlexMono-Bold.woff2
- User-Agent: Mozilla/5.0 (Macintosh; Intel Mac OS X 10_15_7) AppleWebKit/537.36 (KHTML, like Gecko) Chrome/135.0.0.0 Safari/537.36
- Referrer: http://localhost:3000/
- Host: localhost:3000
- IP: unknown
[2025-05-11T03:04:34.279Z] Request: GET /
- User-Agent: Mozilla/5.0 (Macintosh; Intel Mac OS X 10_15_7) AppleWebKit/537.36 (KHTML, like Gecko) Chrome/136.0.0.0 Safari/537.36
- Referrer: null
- Host: localhost:3000
- IP: unknown
Development mode: Skipping authentication check
 GET / 200 in 33ms
[2025-05-11T03:04:34.328Z] Request: GET /fonts/JetBrainsMono-Regular.woff2
- User-Agent: Mozilla/5.0 (Macintosh; Intel Mac OS X 10_15_7) AppleWebKit/537.36 (KHTML, like Gecko) Chrome/136.0.0.0 Safari/537.36
- Referrer: http://localhost:3000/
- Host: localhost:3000
- IP: unknown
[2025-05-11T03:04:34.329Z] Request: GET /fonts/Share_Tech_Mono.woff
- User-Agent: Mozilla/5.0 (Macintosh; Intel Mac OS X 10_15_7) AppleWebKit/537.36 (KHTML, like Gecko) Chrome/136.0.0.0 Safari/537.36
- Referrer: http://localhost:3000/
- Host: localhost:3000
- IP: unknown
[2025-05-11T03:04:34.329Z] Request: GET /fonts/Px437_IBM_VGA_8x16.woff
- User-Agent: Mozilla/5.0 (Macintosh; Intel Mac OS X 10_15_7) AppleWebKit/537.36 (KHTML, like Gecko) Chrome/136.0.0.0 Safari/537.36
- Referrer: http://localhost:3000/
- Host: localhost:3000
- IP: unknown
[2025-05-11T03:04:34.713Z] Request: HEAD /fonts/IBMPlexMono-Medium.woff2
- User-Agent: Mozilla/5.0 (Macintosh; Intel Mac OS X 10_15_7) AppleWebKit/537.36 (KHTML, like Gecko) Chrome/136.0.0.0 Safari/537.36
- Referrer: http://localhost:3000/
- Host: localhost:3000
- IP: unknown
[2025-05-11T03:04:34.713Z] Request: HEAD /fonts/IBMPlexMono-Bold.woff2
- User-Agent: Mozilla/5.0 (Macintosh; Intel Mac OS X 10_15_7) AppleWebKit/537.36 (KHTML, like Gecko) Chrome/136.0.0.0 Safari/537.36
- Referrer: http://localhost:3000/
- Host: localhost:3000
- IP: unknown
[2025-05-11T03:04:34.713Z] Request: HEAD /fonts/IBMPlexMono-Regular.woff2
- User-Agent: Mozilla/5.0 (Macintosh; Intel Mac OS X 10_15_7) AppleWebKit/537.36 (KHTML, like Gecko) Chrome/136.0.0.0 Safari/537.36
- Referrer: http://localhost:3000/
- Host: localhost:3000
- IP: unknown
[2025-05-11T03:04:34.713Z] Request: HEAD /fonts/JetBrainsMono-Regular.woff2
- User-Agent: Mozilla/5.0 (Macintosh; Intel Mac OS X 10_15_7) AppleWebKit/537.36 (KHTML, like Gecko) Chrome/136.0.0.0 Safari/537.36
- Referrer: http://localhost:3000/
- Host: localhost:3000
- IP: unknown
[2025-05-11T03:04:34.713Z] Request: HEAD /fonts/Px437_IBM_VGA_8x16.woff
- User-Agent: Mozilla/5.0 (Macintosh; Intel Mac OS X 10_15_7) AppleWebKit/537.36 (KHTML, like Gecko) Chrome/136.0.0.0 Safari/537.36
- Referrer: http://localhost:3000/
- Host: localhost:3000
- IP: unknown
[2025-05-11T03:04:34.725Z] Request: HEAD /fonts/Share_Tech_Mono.woff
- User-Agent: Mozilla/5.0 (Macintosh; Intel Mac OS X 10_15_7) AppleWebKit/537.36 (KHTML, like Gecko) Chrome/136.0.0.0 Safari/537.36
- Referrer: http://localhost:3000/
- Host: localhost:3000
- IP: unknown
[2025-05-11T03:04:34.725Z] Request: HEAD /fonts/IBMPlexMono-Regular.woff2
- User-Agent: Mozilla/5.0 (Macintosh; Intel Mac OS X 10_15_7) AppleWebKit/537.36 (KHTML, like Gecko) Chrome/136.0.0.0 Safari/537.36
- Referrer: http://localhost:3000/
- Host: localhost:3000
- IP: unknown
[2025-05-11T03:04:34.725Z] Request: HEAD /fonts/IBMPlexMono-Bold.woff2
- User-Agent: Mozilla/5.0 (Macintosh; Intel Mac OS X 10_15_7) AppleWebKit/537.36 (KHTML, like Gecko) Chrome/136.0.0.0 Safari/537.36
- Referrer: http://localhost:3000/
- Host: localhost:3000
- IP: unknown
[2025-05-11T03:04:34.725Z] Request: HEAD /fonts/IBMPlexMono-Medium.woff2
- User-Agent: Mozilla/5.0 (Macintosh; Intel Mac OS X 10_15_7) AppleWebKit/537.36 (KHTML, like Gecko) Chrome/136.0.0.0 Safari/537.36
- Referrer: http://localhost:3000/
- Host: localhost:3000
- IP: unknown
[2025-05-11T03:04:34.725Z] Request: GET /fonts/IBMPlexMono-Medium.woff2
- User-Agent: Mozilla/5.0 (Macintosh; Intel Mac OS X 10_15_7) AppleWebKit/537.36 (KHTML, like Gecko) Chrome/136.0.0.0 Safari/537.36
- Referrer: http://localhost:3000/
- Host: localhost:3000
- IP: unknown
[2025-05-11T03:04:34.740Z] Request: GET /fonts/IBMPlexMono-Bold.woff2
- User-Agent: Mozilla/5.0 (Macintosh; Intel Mac OS X 10_15_7) AppleWebKit/537.36 (KHTML, like Gecko) Chrome/136.0.0.0 Safari/537.36
- Referrer: http://localhost:3000/
- Host: localhost:3000
- IP: unknown
[2025-05-11T03:04:34.740Z] Request: GET /fonts/IBMPlexMono-Regular.woff2
- User-Agent: Mozilla/5.0 (Macintosh; Intel Mac OS X 10_15_7) AppleWebKit/537.36 (KHTML, like Gecko) Chrome/136.0.0.0 Safari/537.36
- Referrer: http://localhost:3000/
- Host: localhost:3000
- IP: unknown
[2025-05-11T03:04:34.740Z] Request: GET /fonts/Px437_IBM_VGA_8x16.woff
- User-Agent: Mozilla/5.0 (Macintosh; Intel Mac OS X 10_15_7) AppleWebKit/537.36 (KHTML, like Gecko) Chrome/136.0.0.0 Safari/537.36
- Referrer: http://localhost:3000/
- Host: localhost:3000
- IP: unknown
[2025-05-11T03:04:34.740Z] Request: GET /fonts/JetBrainsMono-Regular.woff2
- User-Agent: Mozilla/5.0 (Macintosh; Intel Mac OS X 10_15_7) AppleWebKit/537.36 (KHTML, like Gecko) Chrome/136.0.0.0 Safari/537.36
- Referrer: http://localhost:3000/
- Host: localhost:3000
- IP: unknown
[2025-05-11T03:04:34.746Z] Request: GET /fonts/Share_Tech_Mono.woff
- User-Agent: Mozilla/5.0 (Macintosh; Intel Mac OS X 10_15_7) AppleWebKit/537.36 (KHTML, like Gecko) Chrome/136.0.0.0 Safari/537.36
- Referrer: http://localhost:3000/
- Host: localhost:3000
- IP: unknown
[2025-05-11T03:04:34.755Z] Request: GET /fonts/IBMPlexMono-Regular.woff2
- User-Agent: Mozilla/5.0 (Macintosh; Intel Mac OS X 10_15_7) AppleWebKit/537.36 (KHTML, like Gecko) Chrome/136.0.0.0 Safari/537.36
- Referrer: http://localhost:3000/
- Host: localhost:3000
- IP: unknown
[2025-05-11T03:04:34.759Z] Request: HEAD /fonts/JetBrainsMono-Regular.woff2
- User-Agent: Mozilla/5.0 (Macintosh; Intel Mac OS X 10_15_7) AppleWebKit/537.36 (KHTML, like Gecko) Chrome/136.0.0.0 Safari/537.36
- Referrer: http://localhost:3000/
- Host: localhost:3000
- IP: unknown
[2025-05-11T03:04:34.759Z] Request: GET /fonts/IBMPlexMono-Bold.woff2
- User-Agent: Mozilla/5.0 (Macintosh; Intel Mac OS X 10_15_7) AppleWebKit/537.36 (KHTML, like Gecko) Chrome/136.0.0.0 Safari/537.36
- Referrer: http://localhost:3000/
- Host: localhost:3000
- IP: unknown
[2025-05-11T03:04:34.760Z] Request: GET /fonts/IBMPlexMono-Medium.woff2
- User-Agent: Mozilla/5.0 (Macintosh; Intel Mac OS X 10_15_7) AppleWebKit/537.36 (KHTML, like Gecko) Chrome/136.0.0.0 Safari/537.36
- Referrer: http://localhost:3000/
- Host: localhost:3000
- IP: unknown
[2025-05-11T03:04:34.768Z] Request: HEAD /fonts/Px437_IBM_VGA_8x16.woff
- User-Agent: Mozilla/5.0 (Macintosh; Intel Mac OS X 10_15_7) AppleWebKit/537.36 (KHTML, like Gecko) Chrome/136.0.0.0 Safari/537.36
- Referrer: http://localhost:3000/
- Host: localhost:3000
- IP: unknown
[2025-05-11T03:04:34.790Z] Request: HEAD /fonts/Share_Tech_Mono.woff
- User-Agent: Mozilla/5.0 (Macintosh; Intel Mac OS X 10_15_7) AppleWebKit/537.36 (KHTML, like Gecko) Chrome/136.0.0.0 Safari/537.36
- Referrer: http://localhost:3000/
- Host: localhost:3000
- IP: unknown
[2025-05-11T03:04:34.791Z] Request: GET /fonts/JetBrainsMono-Regular.woff2
- User-Agent: Mozilla/5.0 (Macintosh; Intel Mac OS X 10_15_7) AppleWebKit/537.36 (KHTML, like Gecko) Chrome/136.0.0.0 Safari/537.36
- Referrer: http://localhost:3000/
- Host: localhost:3000
- IP: unknown
[2025-05-11T03:04:34.798Z] Request: GET /fonts/Px437_IBM_VGA_8x16.woff
- User-Agent: Mozilla/5.0 (Macintosh; Intel Mac OS X 10_15_7) AppleWebKit/537.36 (KHTML, like Gecko) Chrome/136.0.0.0 Safari/537.36
- Referrer: http://localhost:3000/
- Host: localhost:3000
- IP: unknown
[2025-05-11T03:04:34.804Z] Request: GET /fonts/Share_Tech_Mono.woff
- User-Agent: Mozilla/5.0 (Macintosh; Intel Mac OS X 10_15_7) AppleWebKit/537.36 (KHTML, like Gecko) Chrome/136.0.0.0 Safari/537.36
- Referrer: http://localhost:3000/
- Host: localhost:3000
- IP: unknown
 ✓ Compiled /favicon.ico in 305ms (624 modules)
 GET /favicon.ico 200 in 365ms
 GET /favicon.ico 200 in 4ms
 ✓ Compiled in 231ms (1133 modules)
[2025-05-11T03:06:28.567Z] Request: GET /
- User-Agent: Mozilla/5.0 (Macintosh; Intel Mac OS X 10_15_7) AppleWebKit/537.36 (KHTML, like Gecko) Chrome/135.0.0.0 Safari/537.36
- Referrer: http://localhost:3000/
- Host: localhost:3000
- IP: unknown
Development mode: Skipping authentication check
 GET / 200 in 67ms
 ✓ Compiled in 105ms (1133 modules)
[2025-05-11T03:06:36.046Z] Request: GET /
- User-Agent: Mozilla/5.0 (Macintosh; Intel Mac OS X 10_15_7) AppleWebKit/537.36 (KHTML, like Gecko) Chrome/135.0.0.0 Safari/537.36
- Referrer: http://localhost:3000/
- Host: localhost:3000
- IP: unknown
Development mode: Skipping authentication check
 GET / 200 in 42ms
 ✓ Compiled in 88ms (1133 modules)
[2025-05-11T03:06:44.551Z] Request: GET /
- User-Agent: Mozilla/5.0 (Macintosh; Intel Mac OS X 10_15_7) AppleWebKit/537.36 (KHTML, like Gecko) Chrome/135.0.0.0 Safari/537.36
- Referrer: http://localhost:3000/
- Host: localhost:3000
- IP: unknown
Development mode: Skipping authentication check
 GET / 200 in 45ms
 ✓ Compiled in 104ms (1133 modules)
[2025-05-11T03:06:51.046Z] Request: GET /
- User-Agent: Mozilla/5.0 (Macintosh; Intel Mac OS X 10_15_7) AppleWebKit/537.36 (KHTML, like Gecko) Chrome/135.0.0.0 Safari/537.36
- Referrer: http://localhost:3000/
- Host: localhost:3000
- IP: unknown
Development mode: Skipping authentication check
 GET / 200 in 29ms
[2025-05-11T03:07:16.301Z] Request: GET /
- User-Agent: Mozilla/5.0 (Macintosh; Intel Mac OS X 10_15_7) AppleWebKit/537.36 (KHTML, like Gecko) Chrome/136.0.0.0 Safari/537.36
- Referrer: null
- Host: localhost:3000
- IP: unknown
Development mode: Skipping authentication check
Module "DIY Formulations" (formulations) registered successfully
Module "Settings" (settings) registered successfully
 GET / 200 in 89ms
[2025-05-11T03:07:16.403Z] Request: GET /fonts/JetBrainsMono-Regular.woff2
- User-Agent: Mozilla/5.0 (Macintosh; Intel Mac OS X 10_15_7) AppleWebKit/537.36 (KHTML, like Gecko) Chrome/136.0.0.0 Safari/537.36
- Referrer: http://localhost:3000/
- Host: localhost:3000
- IP: unknown
[2025-05-11T03:07:16.403Z] Request: GET /fonts/Px437_IBM_VGA_8x16.woff
- User-Agent: Mozilla/5.0 (Macintosh; Intel Mac OS X 10_15_7) AppleWebKit/537.36 (KHTML, like Gecko) Chrome/136.0.0.0 Safari/537.36
- Referrer: http://localhost:3000/
- Host: localhost:3000
- IP: unknown
[2025-05-11T03:07:16.403Z] Request: GET /fonts/Share_Tech_Mono.woff
- User-Agent: Mozilla/5.0 (Macintosh; Intel Mac OS X 10_15_7) AppleWebKit/537.36 (KHTML, like Gecko) Chrome/136.0.0.0 Safari/537.36
- Referrer: http://localhost:3000/
- Host: localhost:3000
- IP: unknown
[2025-05-11T03:07:16.774Z] Request: HEAD /fonts/IBMPlexMono-Regular.woff2
- User-Agent: Mozilla/5.0 (Macintosh; Intel Mac OS X 10_15_7) AppleWebKit/537.36 (KHTML, like Gecko) Chrome/136.0.0.0 Safari/537.36
- Referrer: http://localhost:3000/
- Host: localhost:3000
- IP: unknown
[2025-05-11T03:07:16.775Z] Request: HEAD /fonts/IBMPlexMono-Medium.woff2
- User-Agent: Mozilla/5.0 (Macintosh; Intel Mac OS X 10_15_7) AppleWebKit/537.36 (KHTML, like Gecko) Chrome/136.0.0.0 Safari/537.36
- Referrer: http://localhost:3000/
- Host: localhost:3000
- IP: unknown
[2025-05-11T03:07:16.775Z] Request: HEAD /fonts/IBMPlexMono-Bold.woff2
- User-Agent: Mozilla/5.0 (Macintosh; Intel Mac OS X 10_15_7) AppleWebKit/537.36 (KHTML, like Gecko) Chrome/136.0.0.0 Safari/537.36
- Referrer: http://localhost:3000/
- Host: localhost:3000
- IP: unknown
[2025-05-11T03:07:16.775Z] Request: HEAD /fonts/Px437_IBM_VGA_8x16.woff
- User-Agent: Mozilla/5.0 (Macintosh; Intel Mac OS X 10_15_7) AppleWebKit/537.36 (KHTML, like Gecko) Chrome/136.0.0.0 Safari/537.36
- Referrer: http://localhost:3000/
- Host: localhost:3000
- IP: unknown
[2025-05-11T03:07:16.775Z] Request: HEAD /fonts/JetBrainsMono-Regular.woff2
- User-Agent: Mozilla/5.0 (Macintosh; Intel Mac OS X 10_15_7) AppleWebKit/537.36 (KHTML, like Gecko) Chrome/136.0.0.0 Safari/537.36
- Referrer: http://localhost:3000/
- Host: localhost:3000
- IP: unknown
[2025-05-11T03:07:16.787Z] Request: HEAD /fonts/IBMPlexMono-Regular.woff2
- User-Agent: Mozilla/5.0 (Macintosh; Intel Mac OS X 10_15_7) AppleWebKit/537.36 (KHTML, like Gecko) Chrome/136.0.0.0 Safari/537.36
- Referrer: http://localhost:3000/
- Host: localhost:3000
- IP: unknown
[2025-05-11T03:07:16.787Z] Request: HEAD /fonts/Share_Tech_Mono.woff
- User-Agent: Mozilla/5.0 (Macintosh; Intel Mac OS X 10_15_7) AppleWebKit/537.36 (KHTML, like Gecko) Chrome/136.0.0.0 Safari/537.36
- Referrer: http://localhost:3000/
- Host: localhost:3000
- IP: unknown
[2025-05-11T03:07:16.787Z] Request: HEAD /fonts/IBMPlexMono-Medium.woff2
- User-Agent: Mozilla/5.0 (Macintosh; Intel Mac OS X 10_15_7) AppleWebKit/537.36 (KHTML, like Gecko) Chrome/136.0.0.0 Safari/537.36
- Referrer: http://localhost:3000/
- Host: localhost:3000
- IP: unknown
[2025-05-11T03:07:16.787Z] Request: HEAD /fonts/IBMPlexMono-Bold.woff2
- User-Agent: Mozilla/5.0 (Macintosh; Intel Mac OS X 10_15_7) AppleWebKit/537.36 (KHTML, like Gecko) Chrome/136.0.0.0 Safari/537.36
- Referrer: http://localhost:3000/
- Host: localhost:3000
- IP: unknown
[2025-05-11T03:07:16.787Z] Request: HEAD /fonts/JetBrainsMono-Regular.woff2
- User-Agent: Mozilla/5.0 (Macintosh; Intel Mac OS X 10_15_7) AppleWebKit/537.36 (KHTML, like Gecko) Chrome/136.0.0.0 Safari/537.36
- Referrer: http://localhost:3000/
- Host: localhost:3000
- IP: unknown
[2025-05-11T03:07:16.860Z] Request: GET /fonts/IBMPlexMono-Regular.woff2
- User-Agent: Mozilla/5.0 (Macintosh; Intel Mac OS X 10_15_7) AppleWebKit/537.36 (KHTML, like Gecko) Chrome/136.0.0.0 Safari/537.36
- Referrer: http://localhost:3000/
- Host: localhost:3000
- IP: unknown
[2025-05-11T03:07:16.860Z] Request: GET /fonts/IBMPlexMono-Bold.woff2
- User-Agent: Mozilla/5.0 (Macintosh; Intel Mac OS X 10_15_7) AppleWebKit/537.36 (KHTML, like Gecko) Chrome/136.0.0.0 Safari/537.36
- Referrer: http://localhost:3000/
- Host: localhost:3000
- IP: unknown
[2025-05-11T03:07:16.860Z] Request: GET /fonts/Px437_IBM_VGA_8x16.woff
- User-Agent: Mozilla/5.0 (Macintosh; Intel Mac OS X 10_15_7) AppleWebKit/537.36 (KHTML, like Gecko) Chrome/136.0.0.0 Safari/537.36
- Referrer: http://localhost:3000/
- Host: localhost:3000
- IP: unknown
[2025-05-11T03:07:16.860Z] Request: GET /fonts/IBMPlexMono-Medium.woff2
- User-Agent: Mozilla/5.0 (Macintosh; Intel Mac OS X 10_15_7) AppleWebKit/537.36 (KHTML, like Gecko) Chrome/136.0.0.0 Safari/537.36
- Referrer: http://localhost:3000/
- Host: localhost:3000
- IP: unknown
[2025-05-11T03:07:16.860Z] Request: GET /fonts/JetBrainsMono-Regular.woff2
- User-Agent: Mozilla/5.0 (Macintosh; Intel Mac OS X 10_15_7) AppleWebKit/537.36 (KHTML, like Gecko) Chrome/136.0.0.0 Safari/537.36
- Referrer: http://localhost:3000/
- Host: localhost:3000
- IP: unknown
[2025-05-11T03:07:16.886Z] Request: GET /fonts/IBMPlexMono-Regular.woff2
- User-Agent: Mozilla/5.0 (Macintosh; Intel Mac OS X 10_15_7) AppleWebKit/537.36 (KHTML, like Gecko) Chrome/136.0.0.0 Safari/537.36
- Referrer: http://localhost:3000/
- Host: localhost:3000
- IP: unknown
[2025-05-11T03:07:16.886Z] Request: GET /fonts/IBMPlexMono-Medium.woff2
- User-Agent: Mozilla/5.0 (Macintosh; Intel Mac OS X 10_15_7) AppleWebKit/537.36 (KHTML, like Gecko) Chrome/136.0.0.0 Safari/537.36
- Referrer: http://localhost:3000/
- Host: localhost:3000
- IP: unknown
[2025-05-11T03:07:16.886Z] Request: GET /fonts/IBMPlexMono-Bold.woff2
- User-Agent: Mozilla/5.0 (Macintosh; Intel Mac OS X 10_15_7) AppleWebKit/537.36 (KHTML, like Gecko) Chrome/136.0.0.0 Safari/537.36
- Referrer: http://localhost:3000/
- Host: localhost:3000
- IP: unknown
[2025-05-11T03:07:16.886Z] Request: GET /fonts/JetBrainsMono-Regular.woff2
- User-Agent: Mozilla/5.0 (Macintosh; Intel Mac OS X 10_15_7) AppleWebKit/537.36 (KHTML, like Gecko) Chrome/136.0.0.0 Safari/537.36
- Referrer: http://localhost:3000/
- Host: localhost:3000
- IP: unknown
[2025-05-11T03:07:16.899Z] Request: GET /fonts/Share_Tech_Mono.woff
- User-Agent: Mozilla/5.0 (Macintosh; Intel Mac OS X 10_15_7) AppleWebKit/537.36 (KHTML, like Gecko) Chrome/136.0.0.0 Safari/537.36
- Referrer: http://localhost:3000/
- Host: localhost:3000
- IP: unknown
[2025-05-11T03:07:16.910Z] Request: HEAD /fonts/Px437_IBM_VGA_8x16.woff
- User-Agent: Mozilla/5.0 (Macintosh; Intel Mac OS X 10_15_7) AppleWebKit/537.36 (KHTML, like Gecko) Chrome/136.0.0.0 Safari/537.36
- Referrer: http://localhost:3000/
- Host: localhost:3000
- IP: unknown
[2025-05-11T03:07:16.913Z] Request: HEAD /fonts/Share_Tech_Mono.woff
- User-Agent: Mozilla/5.0 (Macintosh; Intel Mac OS X 10_15_7) AppleWebKit/537.36 (KHTML, like Gecko) Chrome/136.0.0.0 Safari/537.36
- Referrer: http://localhost:3000/
- Host: localhost:3000
- IP: unknown
[2025-05-11T03:07:16.943Z] Request: GET /fonts/Px437_IBM_VGA_8x16.woff
- User-Agent: Mozilla/5.0 (Macintosh; Intel Mac OS X 10_15_7) AppleWebKit/537.36 (KHTML, like Gecko) Chrome/136.0.0.0 Safari/537.36
- Referrer: http://localhost:3000/
- Host: localhost:3000
- IP: unknown
[2025-05-11T03:07:16.948Z] Request: GET /fonts/Share_Tech_Mono.woff
- User-Agent: Mozilla/5.0 (Macintosh; Intel Mac OS X 10_15_7) AppleWebKit/537.36 (KHTML, like Gecko) Chrome/136.0.0.0 Safari/537.36
- Referrer: http://localhost:3000/
- Host: localhost:3000
- IP: unknown
 ✓ Compiled /favicon.ico in 304ms (624 modules)
 GET /favicon.ico 200 in 356ms
 GET /favicon.ico 200 in 3ms
[2025-05-11T03:14:03.422Z] Request: GET /
- User-Agent: curl/8.7.1
- Referrer: null
- Host: localhost:3000
- IP: unknown
Development mode: Skipping authentication check
Module "DIY Formulations" (formulations) registered successfully
Module "Settings" (settings) registered successfully
 GET / 200 in 113ms
[2025-05-11T03:14:20.240Z] Request: GET /terminal
- User-Agent: Mozilla/5.0 (Macintosh; Intel Mac OS X 10_15_7) AppleWebKit/537.36 (KHTML, like Gecko) Chrome/136.0.0.0 Safari/537.36
- Referrer: null
- Host: localhost:3000
- IP: unknown
Development mode: Skipping authentication check
 ○ Compiling /terminal ...
 ✓ Compiled /terminal in 561ms (1130 modules)
 GET /terminal 200 in 658ms
[2025-05-11T03:14:20.911Z] Request: GET /fonts/Px437_IBM_VGA_8x16.woff
- User-Agent: Mozilla/5.0 (Macintosh; Intel Mac OS X 10_15_7) AppleWebKit/537.36 (KHTML, like Gecko) Chrome/136.0.0.0 Safari/537.36
- Referrer: http://localhost:3000/terminal
- Host: localhost:3000
- IP: unknown
[2025-05-11T03:14:20.912Z] Request: GET /fonts/JetBrainsMono-Regular.woff2
- User-Agent: Mozilla/5.0 (Macintosh; Intel Mac OS X 10_15_7) AppleWebKit/537.36 (KHTML, like Gecko) Chrome/136.0.0.0 Safari/537.36
- Referrer: http://localhost:3000/terminal
- Host: localhost:3000
- IP: unknown
[2025-05-11T03:14:20.912Z] Request: GET /fonts/Share_Tech_Mono.woff
- User-Agent: Mozilla/5.0 (Macintosh; Intel Mac OS X 10_15_7) AppleWebKit/537.36 (KHTML, like Gecko) Chrome/136.0.0.0 Safari/537.36
- Referrer: http://localhost:3000/terminal
- Host: localhost:3000
- IP: unknown
 ✓ Compiled /favicon.ico in 102ms (631 modules)
 GET /favicon.ico 200 in 156ms
[2025-05-11T03:15:00.761Z] Request: GET /
- User-Agent: Mozilla/5.0 (Macintosh; Intel Mac OS X 10_15_7) AppleWebKit/537.36 (KHTML, like Gecko) Chrome/136.0.0.0 Safari/537.36
- Referrer: null
- Host: localhost:3000
- IP: unknown
Development mode: Skipping authentication check
Module "DIY Formulations" (formulations) registered successfully
Module "Settings" (settings) registered successfully
 GET / 200 in 104ms
[2025-05-11T03:15:00.876Z] Request: GET /fonts/JetBrainsMono-Regular.woff2
- User-Agent: Mozilla/5.0 (Macintosh; Intel Mac OS X 10_15_7) AppleWebKit/537.36 (KHTML, like Gecko) Chrome/136.0.0.0 Safari/537.36
- Referrer: http://localhost:3000/
- Host: localhost:3000
- IP: unknown
[2025-05-11T03:15:00.877Z] Request: GET /fonts/Share_Tech_Mono.woff
- User-Agent: Mozilla/5.0 (Macintosh; Intel Mac OS X 10_15_7) AppleWebKit/537.36 (KHTML, like Gecko) Chrome/136.0.0.0 Safari/537.36
- Referrer: http://localhost:3000/
- Host: localhost:3000
- IP: unknown
[2025-05-11T03:15:00.877Z] Request: GET /fonts/Px437_IBM_VGA_8x16.woff
- User-Agent: Mozilla/5.0 (Macintosh; Intel Mac OS X 10_15_7) AppleWebKit/537.36 (KHTML, like Gecko) Chrome/136.0.0.0 Safari/537.36
- Referrer: http://localhost:3000/
- Host: localhost:3000
- IP: unknown
 GET /favicon.ico 200 in 5ms
 GET /favicon.ico 200 in 4ms
[2025-05-11T03:15:01.180Z] Request: HEAD /fonts/IBMPlexMono-Regular.woff2
- User-Agent: Mozilla/5.0 (Macintosh; Intel Mac OS X 10_15_7) AppleWebKit/537.36 (KHTML, like Gecko) Chrome/136.0.0.0 Safari/537.36
- Referrer: http://localhost:3000/
- Host: localhost:3000
- IP: unknown
[2025-05-11T03:15:01.181Z] Request: HEAD /fonts/IBMPlexMono-Bold.woff2
- User-Agent: Mozilla/5.0 (Macintosh; Intel Mac OS X 10_15_7) AppleWebKit/537.36 (KHTML, like Gecko) Chrome/136.0.0.0 Safari/537.36
- Referrer: http://localhost:3000/
- Host: localhost:3000
- IP: unknown
[2025-05-11T03:15:01.181Z] Request: HEAD /fonts/IBMPlexMono-Medium.woff2
- User-Agent: Mozilla/5.0 (Macintosh; Intel Mac OS X 10_15_7) AppleWebKit/537.36 (KHTML, like Gecko) Chrome/136.0.0.0 Safari/537.36
- Referrer: http://localhost:3000/
- Host: localhost:3000
- IP: unknown
[2025-05-11T03:15:01.181Z] Request: HEAD /fonts/JetBrainsMono-Regular.woff2
- User-Agent: Mozilla/5.0 (Macintosh; Intel Mac OS X 10_15_7) AppleWebKit/537.36 (KHTML, like Gecko) Chrome/136.0.0.0 Safari/537.36
- Referrer: http://localhost:3000/
- Host: localhost:3000
- IP: unknown
[2025-05-11T03:15:01.181Z] Request: HEAD /fonts/Px437_IBM_VGA_8x16.woff
- User-Agent: Mozilla/5.0 (Macintosh; Intel Mac OS X 10_15_7) AppleWebKit/537.36 (KHTML, like Gecko) Chrome/136.0.0.0 Safari/537.36
- Referrer: http://localhost:3000/
- Host: localhost:3000
- IP: unknown
[2025-05-11T03:15:01.182Z] Request: HEAD /fonts/Share_Tech_Mono.woff
- User-Agent: Mozilla/5.0 (Macintosh; Intel Mac OS X 10_15_7) AppleWebKit/537.36 (KHTML, like Gecko) Chrome/136.0.0.0 Safari/537.36
- Referrer: http://localhost:3000/
- Host: localhost:3000
- IP: unknown
[2025-05-11T03:15:01.193Z] Request: HEAD /fonts/IBMPlexMono-Medium.woff2
- User-Agent: Mozilla/5.0 (Macintosh; Intel Mac OS X 10_15_7) AppleWebKit/537.36 (KHTML, like Gecko) Chrome/136.0.0.0 Safari/537.36
- Referrer: http://localhost:3000/
- Host: localhost:3000
- IP: unknown
[2025-05-11T03:15:01.193Z] Request: HEAD /fonts/IBMPlexMono-Regular.woff2
- User-Agent: Mozilla/5.0 (Macintosh; Intel Mac OS X 10_15_7) AppleWebKit/537.36 (KHTML, like Gecko) Chrome/136.0.0.0 Safari/537.36
- Referrer: http://localhost:3000/
- Host: localhost:3000
- IP: unknown
[2025-05-11T03:15:01.193Z] Request: HEAD /fonts/IBMPlexMono-Bold.woff2
- User-Agent: Mozilla/5.0 (Macintosh; Intel Mac OS X 10_15_7) AppleWebKit/537.36 (KHTML, like Gecko) Chrome/136.0.0.0 Safari/537.36
- Referrer: http://localhost:3000/
- Host: localhost:3000
- IP: unknown
[2025-05-11T03:15:01.193Z] Request: HEAD /fonts/JetBrainsMono-Regular.woff2
- User-Agent: Mozilla/5.0 (Macintosh; Intel Mac OS X 10_15_7) AppleWebKit/537.36 (KHTML, like Gecko) Chrome/136.0.0.0 Safari/537.36
- Referrer: http://localhost:3000/
- Host: localhost:3000
- IP: unknown
[2025-05-11T03:15:01.193Z] Request: HEAD /fonts/Share_Tech_Mono.woff
- User-Agent: Mozilla/5.0 (Macintosh; Intel Mac OS X 10_15_7) AppleWebKit/537.36 (KHTML, like Gecko) Chrome/136.0.0.0 Safari/537.36
- Referrer: http://localhost:3000/
- Host: localhost:3000
- IP: unknown
[2025-05-11T03:15:01.193Z] Request: HEAD /fonts/Px437_IBM_VGA_8x16.woff
- User-Agent: Mozilla/5.0 (Macintosh; Intel Mac OS X 10_15_7) AppleWebKit/537.36 (KHTML, like Gecko) Chrome/136.0.0.0 Safari/537.36
- Referrer: http://localhost:3000/
- Host: localhost:3000
- IP: unknown
[2025-05-11T03:15:01.202Z] Request: GET /fonts/IBMPlexMono-Regular.woff2
- User-Agent: Mozilla/5.0 (Macintosh; Intel Mac OS X 10_15_7) AppleWebKit/537.36 (KHTML, like Gecko) Chrome/136.0.0.0 Safari/537.36
- Referrer: http://localhost:3000/
- Host: localhost:3000
- IP: unknown
[2025-05-11T03:15:01.202Z] Request: GET /fonts/IBMPlexMono-Medium.woff2
- User-Agent: Mozilla/5.0 (Macintosh; Intel Mac OS X 10_15_7) AppleWebKit/537.36 (KHTML, like Gecko) Chrome/136.0.0.0 Safari/537.36
- Referrer: http://localhost:3000/
- Host: localhost:3000
- IP: unknown
[2025-05-11T03:15:01.202Z] Request: GET /fonts/JetBrainsMono-Regular.woff2
- User-Agent: Mozilla/5.0 (Macintosh; Intel Mac OS X 10_15_7) AppleWebKit/537.36 (KHTML, like Gecko) Chrome/136.0.0.0 Safari/537.36
- Referrer: http://localhost:3000/
- Host: localhost:3000
- IP: unknown
[2025-05-11T03:15:01.203Z] Request: GET /fonts/IBMPlexMono-Bold.woff2
- User-Agent: Mozilla/5.0 (Macintosh; Intel Mac OS X 10_15_7) AppleWebKit/537.36 (KHTML, like Gecko) Chrome/136.0.0.0 Safari/537.36
- Referrer: http://localhost:3000/
- Host: localhost:3000
- IP: unknown
[2025-05-11T03:15:01.203Z] Request: GET /fonts/Px437_IBM_VGA_8x16.woff
- User-Agent: Mozilla/5.0 (Macintosh; Intel Mac OS X 10_15_7) AppleWebKit/537.36 (KHTML, like Gecko) Chrome/136.0.0.0 Safari/537.36
- Referrer: http://localhost:3000/
- Host: localhost:3000
- IP: unknown
[2025-05-11T03:15:01.203Z] Request: GET /fonts/Share_Tech_Mono.woff
- User-Agent: Mozilla/5.0 (Macintosh; Intel Mac OS X 10_15_7) AppleWebKit/537.36 (KHTML, like Gecko) Chrome/136.0.0.0 Safari/537.36
- Referrer: http://localhost:3000/
- Host: localhost:3000
- IP: unknown
[2025-05-11T03:15:01.218Z] Request: GET /fonts/IBMPlexMono-Regular.woff2
- User-Agent: Mozilla/5.0 (Macintosh; Intel Mac OS X 10_15_7) AppleWebKit/537.36 (KHTML, like Gecko) Chrome/136.0.0.0 Safari/537.36
- Referrer: http://localhost:3000/
- Host: localhost:3000
- IP: unknown
[2025-05-11T03:15:01.218Z] Request: GET /fonts/IBMPlexMono-Medium.woff2
- User-Agent: Mozilla/5.0 (Macintosh; Intel Mac OS X 10_15_7) AppleWebKit/537.36 (KHTML, like Gecko) Chrome/136.0.0.0 Safari/537.36
- Referrer: http://localhost:3000/
- Host: localhost:3000
- IP: unknown
[2025-05-11T03:15:01.218Z] Request: GET /fonts/JetBrainsMono-Regular.woff2
- User-Agent: Mozilla/5.0 (Macintosh; Intel Mac OS X 10_15_7) AppleWebKit/537.36 (KHTML, like Gecko) Chrome/136.0.0.0 Safari/537.36
- Referrer: http://localhost:3000/
- Host: localhost:3000
- IP: unknown
[2025-05-11T03:15:01.218Z] Request: GET /fonts/IBMPlexMono-Bold.woff2
- User-Agent: Mozilla/5.0 (Macintosh; Intel Mac OS X 10_15_7) AppleWebKit/537.36 (KHTML, like Gecko) Chrome/136.0.0.0 Safari/537.36
- Referrer: http://localhost:3000/
- Host: localhost:3000
- IP: unknown
[2025-05-11T03:15:01.218Z] Request: GET /fonts/Share_Tech_Mono.woff
- User-Agent: Mozilla/5.0 (Macintosh; Intel Mac OS X 10_15_7) AppleWebKit/537.36 (KHTML, like Gecko) Chrome/136.0.0.0 Safari/537.36
- Referrer: http://localhost:3000/
- Host: localhost:3000
- IP: unknown
[2025-05-11T03:15:01.223Z] Request: GET /fonts/Px437_IBM_VGA_8x16.woff
- User-Agent: Mozilla/5.0 (Macintosh; Intel Mac OS X 10_15_7) AppleWebKit/537.36 (KHTML, like Gecko) Chrome/136.0.0.0 Safari/537.36
- Referrer: http://localhost:3000/
- Host: localhost:3000
- IP: unknown
[2025-05-11T03:15:50.962Z] Request: GET /
- User-Agent: Mozilla/5.0 (Macintosh; Intel Mac OS X 10_15_7) AppleWebKit/537.36 (KHTML, like Gecko) Chrome/135.0.0.0 Safari/537.36
- Referrer: http://localhost:3000/
- Host: localhost:3000
- IP: unknown
Development mode: Skipping authentication check
 GET / 200 in 14ms
[2025-05-11T03:15:51.274Z] Request: GET /fonts/IBMPlexMono-Medium.woff2
- User-Agent: Mozilla/5.0 (Macintosh; Intel Mac OS X 10_15_7) AppleWebKit/537.36 (KHTML, like Gecko) Chrome/135.0.0.0 Safari/537.36
- Referrer: http://localhost:3000/
- Host: localhost:3000
- IP: unknown
[2025-05-11T03:15:51.274Z] Request: GET /fonts/IBMPlexMono-Bold.woff2
- User-Agent: Mozilla/5.0 (Macintosh; Intel Mac OS X 10_15_7) AppleWebKit/537.36 (KHTML, like Gecko) Chrome/135.0.0.0 Safari/537.36
- Referrer: http://localhost:3000/
- Host: localhost:3000
- IP: unknown
[2025-05-11T03:15:51.274Z] Request: GET /fonts/JetBrainsMono-Regular.woff2
- User-Agent: Mozilla/5.0 (Macintosh; Intel Mac OS X 10_15_7) AppleWebKit/537.36 (KHTML, like Gecko) Chrome/135.0.0.0 Safari/537.36
- Referrer: http://localhost:3000/
- Host: localhost:3000
- IP: unknown
[2025-05-11T03:15:51.274Z] Request: GET /fonts/IBMPlexMono-Regular.woff2
- User-Agent: Mozilla/5.0 (Macintosh; Intel Mac OS X 10_15_7) AppleWebKit/537.36 (KHTML, like Gecko) Chrome/135.0.0.0 Safari/537.36
- Referrer: http://localhost:3000/
- Host: localhost:3000
- IP: unknown
[2025-05-11T03:15:51.274Z] Request: GET /fonts/Px437_IBM_VGA_8x16.woff
- User-Agent: Mozilla/5.0 (Macintosh; Intel Mac OS X 10_15_7) AppleWebKit/537.36 (KHTML, like Gecko) Chrome/135.0.0.0 Safari/537.36
- Referrer: http://localhost:3000/
- Host: localhost:3000
- IP: unknown
[2025-05-11T03:15:51.274Z] Request: GET /fonts/IBMPlexMono-Regular.woff2
- User-Agent: Mozilla/5.0 (Macintosh; Intel Mac OS X 10_15_7) AppleWebKit/537.36 (KHTML, like Gecko) Chrome/135.0.0.0 Safari/537.36
- Referrer: http://localhost:3000/
- Host: localhost:3000
- IP: unknown
[2025-05-11T03:15:51.285Z] Request: GET /fonts/Share_Tech_Mono.woff
- User-Agent: Mozilla/5.0 (Macintosh; Intel Mac OS X 10_15_7) AppleWebKit/537.36 (KHTML, like Gecko) Chrome/135.0.0.0 Safari/537.36
- Referrer: http://localhost:3000/
- Host: localhost:3000
- IP: unknown
[2025-05-11T03:15:53.791Z] Request: GET /
- User-Agent: Mozilla/5.0 (Macintosh; Intel Mac OS X 10_15_7) AppleWebKit/537.36 (KHTML, like Gecko) Chrome/135.0.0.0 Safari/537.36
- Referrer: http://localhost:3000/
- Host: localhost:3000
- IP: unknown
Development mode: Skipping authentication check
 GET / 200 in 27ms
[2025-05-11T03:15:54.092Z] Request: GET /fonts/IBMPlexMono-Regular.woff2
- User-Agent: Mozilla/5.0 (Macintosh; Intel Mac OS X 10_15_7) AppleWebKit/537.36 (KHTML, like Gecko) Chrome/135.0.0.0 Safari/537.36
- Referrer: http://localhost:3000/
- Host: localhost:3000
- IP: unknown
[2025-05-11T03:15:54.092Z] Request: GET /fonts/IBMPlexMono-Medium.woff2
- User-Agent: Mozilla/5.0 (Macintosh; Intel Mac OS X 10_15_7) AppleWebKit/537.36 (KHTML, like Gecko) Chrome/135.0.0.0 Safari/537.36
- Referrer: http://localhost:3000/
- Host: localhost:3000
- IP: unknown
[2025-05-11T03:15:54.092Z] Request: GET /fonts/JetBrainsMono-Regular.woff2
- User-Agent: Mozilla/5.0 (Macintosh; Intel Mac OS X 10_15_7) AppleWebKit/537.36 (KHTML, like Gecko) Chrome/135.0.0.0 Safari/537.36
- Referrer: http://localhost:3000/
- Host: localhost:3000
- IP: unknown
[2025-05-11T03:15:54.092Z] Request: GET /fonts/IBMPlexMono-Bold.woff2
- User-Agent: Mozilla/5.0 (Macintosh; Intel Mac OS X 10_15_7) AppleWebKit/537.36 (KHTML, like Gecko) Chrome/135.0.0.0 Safari/537.36
- Referrer: http://localhost:3000/
- Host: localhost:3000
- IP: unknown
[2025-05-11T03:15:54.092Z] Request: GET /fonts/Px437_IBM_VGA_8x16.woff
- User-Agent: Mozilla/5.0 (Macintosh; Intel Mac OS X 10_15_7) AppleWebKit/537.36 (KHTML, like Gecko) Chrome/135.0.0.0 Safari/537.36
- Referrer: http://localhost:3000/
- Host: localhost:3000
- IP: unknown
[2025-05-11T03:15:54.093Z] Request: GET /fonts/IBMPlexMono-Regular.woff2
- User-Agent: Mozilla/5.0 (Macintosh; Intel Mac OS X 10_15_7) AppleWebKit/537.36 (KHTML, like Gecko) Chrome/135.0.0.0 Safari/537.36
- Referrer: http://localhost:3000/
- Host: localhost:3000
- IP: unknown
[2025-05-11T03:15:54.102Z] Request: GET /fonts/Share_Tech_Mono.woff
- User-Agent: Mozilla/5.0 (Macintosh; Intel Mac OS X 10_15_7) AppleWebKit/537.36 (KHTML, like Gecko) Chrome/135.0.0.0 Safari/537.36
- Referrer: http://localhost:3000/
- Host: localhost:3000
- IP: unknown
[2025-05-11T03:15:54.102Z] Request: GET /fonts/Px437_IBM_VGA_8x16.woff
- User-Agent: Mozilla/5.0 (Macintosh; Intel Mac OS X 10_15_7) AppleWebKit/537.36 (KHTML, like Gecko) Chrome/135.0.0.0 Safari/537.36
- Referrer: http://localhost:3000/
- Host: localhost:3000
- IP: unknown
[2025-05-11T03:15:54.102Z] Request: GET /fonts/Share_Tech_Mono.woff
- User-Agent: Mozilla/5.0 (Macintosh; Intel Mac OS X 10_15_7) AppleWebKit/537.36 (KHTML, like Gecko) Chrome/135.0.0.0 Safari/537.36
- Referrer: http://localhost:3000/
- Host: localhost:3000
- IP: unknown
[2025-05-11T03:15:54.102Z] Request: GET /fonts/JetBrainsMono-Regular.woff2
- User-Agent: Mozilla/5.0 (Macintosh; Intel Mac OS X 10_15_7) AppleWebKit/537.36 (KHTML, like Gecko) Chrome/135.0.0.0 Safari/537.36
- Referrer: http://localhost:3000/
- Host: localhost:3000
- IP: unknown
[?25h
