   ▲ Next.js 15.3.0
   - Local:        http://localhost:3000
   - Network:      http://192.168.1.148:3000
   - Environments: .env.local, .env

 ✓ Starting...
 ✓ Ready in 1150ms
 ✓ Compiled /middleware in 499ms (248 modules)
[2025-05-10T05:04:46.508Z] Request: HEAD /
- User-Agent: null
- Referrer: null
- Host: localhost:3000
- IP: unknown
Development mode: Skipping authentication check
 ○ Compiling / ...
 ✓ Compiled / in 3.1s (1171 modules)
Module "DIY Formulations" (formulations) registered successfully
Module "Settings" (settings) registered successfully
 HEAD / 200 in 3517ms
[2025-05-10T05:05:16.753Z] Request: GET /
- User-Agent: Mozilla/5.0 (Macintosh; Intel Mac OS X 10_15_7) AppleWebKit/537.36 (KHTML, like Gecko) Chrome/135.0.0.0 Safari/537.36
- Referrer: null
- Host: localhost:3000
- IP: unknown
Development mode: Skipping authentication check
 GET / 200 in 39ms
[2025-05-10T05:05:17.060Z] Request: HEAD /fonts/Px437_IBM_VGA_8x16.woff
- User-Agent: Mozilla/5.0 (Macintosh; Intel Mac OS X 10_15_7) AppleWebKit/537.36 (KHTML, like Gecko) Chrome/135.0.0.0 Safari/537.36
- Referrer: http://localhost:3000/
- Host: localhost:3000
- IP: unknown
[2025-05-10T05:05:17.061Z] Request: GET /fonts/IBMPlexMono-Medium.woff2
- User-Agent: Mozilla/5.0 (Macintosh; Intel Mac OS X 10_15_7) AppleWebKit/537.36 (KHTML, like Gecko) Chrome/135.0.0.0 Safari/537.36
- Referrer: http://localhost:3000/
- Host: localhost:3000
- IP: unknown
[2025-05-10T05:05:17.061Z] Request: GET /fonts/IBMPlexMono-Regular.woff2
- User-Agent: Mozilla/5.0 (Macintosh; Intel Mac OS X 10_15_7) AppleWebKit/537.36 (KHTML, like Gecko) Chrome/135.0.0.0 Safari/537.36
- Referrer: http://localhost:3000/
- Host: localhost:3000
- IP: unknown
[2025-05-10T05:05:17.061Z] Request: GET /fonts/IBMPlexMono-Bold.woff2
- User-Agent: Mozilla/5.0 (Macintosh; Intel Mac OS X 10_15_7) AppleWebKit/537.36 (KHTML, like Gecko) Chrome/135.0.0.0 Safari/537.36
- Referrer: http://localhost:3000/
- Host: localhost:3000
- IP: unknown
[2025-05-10T05:05:17.061Z] Request: GET /fonts/JetBrainsMono-Regular.woff2
- User-Agent: Mozilla/5.0 (Macintosh; Intel Mac OS X 10_15_7) AppleWebKit/537.36 (KHTML, like Gecko) Chrome/135.0.0.0 Safari/537.36
- Referrer: http://localhost:3000/
- Host: localhost:3000
- IP: unknown
[2025-05-10T05:05:17.061Z] Request: GET /fonts/Share_Tech_Mono.woff
- User-Agent: Mozilla/5.0 (Macintosh; Intel Mac OS X 10_15_7) AppleWebKit/537.36 (KHTML, like Gecko) Chrome/135.0.0.0 Safari/537.36
- Referrer: http://localhost:3000/
- Host: localhost:3000
- IP: unknown
[2025-05-10T05:05:17.083Z] Request: GET /fonts/IBMPlexMono-Regular.woff2
- User-Agent: Mozilla/5.0 (Macintosh; Intel Mac OS X 10_15_7) AppleWebKit/537.36 (KHTML, like Gecko) Chrome/135.0.0.0 Safari/537.36
- Referrer: http://localhost:3000/
- Host: localhost:3000
- IP: unknown
[2025-05-10T05:05:17.083Z] Request: GET /fonts/IBMPlexMono-Medium.woff2
- User-Agent: Mozilla/5.0 (Macintosh; Intel Mac OS X 10_15_7) AppleWebKit/537.36 (KHTML, like Gecko) Chrome/135.0.0.0 Safari/537.36
- Referrer: http://localhost:3000/
- Host: localhost:3000
- IP: unknown
[2025-05-10T05:05:17.084Z] Request: GET /fonts/Px437_IBM_VGA_8x16.woff
- User-Agent: Mozilla/5.0 (Macintosh; Intel Mac OS X 10_15_7) AppleWebKit/537.36 (KHTML, like Gecko) Chrome/135.0.0.0 Safari/537.36
- Referrer: http://localhost:3000/_next/static/css/app/layout.css?v=1746853516760
- Host: localhost:3000
- IP: unknown
[2025-05-10T05:05:17.090Z] Request: GET /fonts/Px437_IBM_VGA_8x16.woff
- User-Agent: Mozilla/5.0 (Macintosh; Intel Mac OS X 10_15_7) AppleWebKit/537.36 (KHTML, like Gecko) Chrome/135.0.0.0 Safari/537.36
- Referrer: http://localhost:3000/
- Host: localhost:3000
- IP: unknown
[2025-05-10T05:05:17.090Z] Request: GET /fonts/IBMPlexMono-Bold.woff2
- User-Agent: Mozilla/5.0 (Macintosh; Intel Mac OS X 10_15_7) AppleWebKit/537.36 (KHTML, like Gecko) Chrome/135.0.0.0 Safari/537.36
- Referrer: http://localhost:3000/
- Host: localhost:3000
- IP: unknown
[2025-05-10T05:05:18.858Z] Request: GET /
- User-Agent: Mozilla/5.0 (Macintosh; Intel Mac OS X 10_15_7) AppleWebKit/537.36 (KHTML, like Gecko) Chrome/135.0.0.0 Safari/537.36
- Referrer: null
- Host: localhost:3000
- IP: unknown
Development mode: Skipping authentication check
 GET / 200 in 32ms
[2025-05-10T05:05:19.161Z] Request: GET /fonts/IBMPlexMono-Regular.woff2
- User-Agent: Mozilla/5.0 (Macintosh; Intel Mac OS X 10_15_7) AppleWebKit/537.36 (KHTML, like Gecko) Chrome/135.0.0.0 Safari/537.36
- Referrer: http://localhost:3000/
- Host: localhost:3000
- IP: unknown
[2025-05-10T05:05:19.161Z] Request: HEAD /fonts/Px437_IBM_VGA_8x16.woff
- User-Agent: Mozilla/5.0 (Macintosh; Intel Mac OS X 10_15_7) AppleWebKit/537.36 (KHTML, like Gecko) Chrome/135.0.0.0 Safari/537.36
- Referrer: http://localhost:3000/
- Host: localhost:3000
- IP: unknown
[2025-05-10T05:05:19.161Z] Request: GET /fonts/IBMPlexMono-Medium.woff2
- User-Agent: Mozilla/5.0 (Macintosh; Intel Mac OS X 10_15_7) AppleWebKit/537.36 (KHTML, like Gecko) Chrome/135.0.0.0 Safari/537.36
- Referrer: http://localhost:3000/
- Host: localhost:3000
- IP: unknown
[2025-05-10T05:05:19.161Z] Request: GET /fonts/IBMPlexMono-Bold.woff2
- User-Agent: Mozilla/5.0 (Macintosh; Intel Mac OS X 10_15_7) AppleWebKit/537.36 (KHTML, like Gecko) Chrome/135.0.0.0 Safari/537.36
- Referrer: http://localhost:3000/
- Host: localhost:3000
- IP: unknown
[2025-05-10T05:05:19.161Z] Request: GET /fonts/IBMPlexMono-Medium.woff2
- User-Agent: Mozilla/5.0 (Macintosh; Intel Mac OS X 10_15_7) AppleWebKit/537.36 (KHTML, like Gecko) Chrome/135.0.0.0 Safari/537.36
- Referrer: http://localhost:3000/
- Host: localhost:3000
- IP: unknown
[2025-05-10T05:05:19.162Z] Request: GET /fonts/JetBrainsMono-Regular.woff2
- User-Agent: Mozilla/5.0 (Macintosh; Intel Mac OS X 10_15_7) AppleWebKit/537.36 (KHTML, like Gecko) Chrome/135.0.0.0 Safari/537.36
- Referrer: http://localhost:3000/
- Host: localhost:3000
- IP: unknown
[2025-05-10T05:05:19.177Z] Request: GET /fonts/Share_Tech_Mono.woff
- User-Agent: Mozilla/5.0 (Macintosh; Intel Mac OS X 10_15_7) AppleWebKit/537.36 (KHTML, like Gecko) Chrome/135.0.0.0 Safari/537.36
- Referrer: http://localhost:3000/
- Host: localhost:3000
- IP: unknown
[2025-05-10T05:05:19.177Z] Request: GET /fonts/IBMPlexMono-Bold.woff2
- User-Agent: Mozilla/5.0 (Macintosh; Intel Mac OS X 10_15_7) AppleWebKit/537.36 (KHTML, like Gecko) Chrome/135.0.0.0 Safari/537.36
- Referrer: http://localhost:3000/
- Host: localhost:3000
- IP: unknown
[2025-05-10T05:05:19.181Z] Request: GET /fonts/JetBrainsMono-Regular.woff2
- User-Agent: Mozilla/5.0 (Macintosh; Intel Mac OS X 10_15_7) AppleWebKit/537.36 (KHTML, like Gecko) Chrome/135.0.0.0 Safari/537.36
- Referrer: http://localhost:3000/
- Host: localhost:3000
- IP: unknown
[2025-05-10T05:05:19.181Z] Request: GET /fonts/Share_Tech_Mono.woff
- User-Agent: Mozilla/5.0 (Macintosh; Intel Mac OS X 10_15_7) AppleWebKit/537.36 (KHTML, like Gecko) Chrome/135.0.0.0 Safari/537.36
- Referrer: http://localhost:3000/
- Host: localhost:3000
- IP: unknown
[2025-05-10T05:05:19.181Z] Request: GET /fonts/Px437_IBM_VGA_8x16.woff
- User-Agent: Mozilla/5.0 (Macintosh; Intel Mac OS X 10_15_7) AppleWebKit/537.36 (KHTML, like Gecko) Chrome/135.0.0.0 Safari/537.36
- Referrer: http://localhost:3000/
- Host: localhost:3000
- IP: unknown
[2025-05-10T05:05:19.181Z] Request: GET /fonts/Px437_IBM_VGA_8x16.woff
- User-Agent: Mozilla/5.0 (Macintosh; Intel Mac OS X 10_15_7) AppleWebKit/537.36 (KHTML, like Gecko) Chrome/135.0.0.0 Safari/537.36
- Referrer: http://localhost:3000/
- Host: localhost:3000
- IP: unknown
 ✓ Compiled in 255ms (535 modules)
[2025-05-10T05:09:34.221Z] Request: GET /
- User-Agent: Mozilla/5.0 (Macintosh; Intel Mac OS X 10_15_7) AppleWebKit/537.36 (KHTML, like Gecko) Chrome/135.0.0.0 Safari/537.36
- Referrer: http://localhost:3000/
- Host: localhost:3000
- IP: unknown
Development mode: Skipping authentication check
 GET / 200 in 16ms
[2025-05-10T05:09:34.284Z] Request: GET /fonts/Px437_IBM_VGA_8x16.woff
- User-Agent: Mozilla/5.0 (Macintosh; Intel Mac OS X 10_15_7) AppleWebKit/537.36 (KHTML, like Gecko) Chrome/135.0.0.0 Safari/537.36
- Referrer: http://localhost:3000/_next/static/css/app/layout.css?v=1746853774229
- Host: localhost:3000
- IP: unknown
 ✓ Compiled in 241ms (1122 modules)
[2025-05-10T05:11:06.342Z] Request: GET /
- User-Agent: Mozilla/5.0 (Macintosh; Intel Mac OS X 10_15_7) AppleWebKit/537.36 (KHTML, like Gecko) Chrome/135.0.0.0 Safari/537.36
- Referrer: null
- Host: localhost:3000
- IP: unknown
Development mode: Skipping authentication check
Module "DIY Formulations" (formulations) registered successfully
Module "Settings" (settings) registered successfully
 GET / 200 in 152ms
[2025-05-10T05:11:06.767Z] Request: HEAD /fonts/Px437_IBM_VGA_8x16.woff
- User-Agent: Mozilla/5.0 (Macintosh; Intel Mac OS X 10_15_7) AppleWebKit/537.36 (KHTML, like Gecko) Chrome/135.0.0.0 Safari/537.36
- Referrer: http://localhost:3000/
- Host: localhost:3000
- IP: unknown
[2025-05-10T05:11:06.767Z] Request: GET /fonts/IBMPlexMono-Medium.woff2
- User-Agent: Mozilla/5.0 (Macintosh; Intel Mac OS X 10_15_7) AppleWebKit/537.36 (KHTML, like Gecko) Chrome/135.0.0.0 Safari/537.36
- Referrer: http://localhost:3000/
- Host: localhost:3000
- IP: unknown
[2025-05-10T05:11:06.767Z] Request: GET /fonts/IBMPlexMono-Regular.woff2
- User-Agent: Mozilla/5.0 (Macintosh; Intel Mac OS X 10_15_7) AppleWebKit/537.36 (KHTML, like Gecko) Chrome/135.0.0.0 Safari/537.36
- Referrer: http://localhost:3000/
- Host: localhost:3000
- IP: unknown
[2025-05-10T05:11:06.767Z] Request: GET /fonts/IBMPlexMono-Bold.woff2
- User-Agent: Mozilla/5.0 (Macintosh; Intel Mac OS X 10_15_7) AppleWebKit/537.36 (KHTML, like Gecko) Chrome/135.0.0.0 Safari/537.36
- Referrer: http://localhost:3000/
- Host: localhost:3000
- IP: unknown
[2025-05-10T05:11:06.767Z] Request: GET /fonts/JetBrainsMono-Regular.woff2
- User-Agent: Mozilla/5.0 (Macintosh; Intel Mac OS X 10_15_7) AppleWebKit/537.36 (KHTML, like Gecko) Chrome/135.0.0.0 Safari/537.36
- Referrer: http://localhost:3000/
- Host: localhost:3000
- IP: unknown
[2025-05-10T05:11:06.768Z] Request: GET /fonts/IBMPlexMono-Regular.woff2
- User-Agent: Mozilla/5.0 (Macintosh; Intel Mac OS X 10_15_7) AppleWebKit/537.36 (KHTML, like Gecko) Chrome/135.0.0.0 Safari/537.36
- Referrer: http://localhost:3000/
- Host: localhost:3000
- IP: unknown
[2025-05-10T05:11:06.785Z] Request: GET /fonts/Share_Tech_Mono.woff
- User-Agent: Mozilla/5.0 (Macintosh; Intel Mac OS X 10_15_7) AppleWebKit/537.36 (KHTML, like Gecko) Chrome/135.0.0.0 Safari/537.36
- Referrer: http://localhost:3000/
- Host: localhost:3000
- IP: unknown
[2025-05-10T05:11:06.785Z] Request: GET /fonts/Px437_IBM_VGA_8x16.woff
- User-Agent: Mozilla/5.0 (Macintosh; Intel Mac OS X 10_15_7) AppleWebKit/537.36 (KHTML, like Gecko) Chrome/135.0.0.0 Safari/537.36
- Referrer: http://localhost:3000/_next/static/css/app/layout.css?v=1746853866397
- Host: localhost:3000
- IP: unknown
[2025-05-10T05:11:06.790Z] Request: GET /fonts/JetBrainsMono-Regular.woff2
- User-Agent: Mozilla/5.0 (Macintosh; Intel Mac OS X 10_15_7) AppleWebKit/537.36 (KHTML, like Gecko) Chrome/135.0.0.0 Safari/537.36
- Referrer: http://localhost:3000/
- Host: localhost:3000
- IP: unknown
[2025-05-10T05:11:06.790Z] Request: GET /fonts/Px437_IBM_VGA_8x16.woff
- User-Agent: Mozilla/5.0 (Macintosh; Intel Mac OS X 10_15_7) AppleWebKit/537.36 (KHTML, like Gecko) Chrome/135.0.0.0 Safari/537.36
- Referrer: http://localhost:3000/
- Host: localhost:3000
- IP: unknown
[2025-05-10T05:11:06.790Z] Request: GET /fonts/Share_Tech_Mono.woff
- User-Agent: Mozilla/5.0 (Macintosh; Intel Mac OS X 10_15_7) AppleWebKit/537.36 (KHTML, like Gecko) Chrome/135.0.0.0 Safari/537.36
- Referrer: http://localhost:3000/
- Host: localhost:3000
- IP: unknown
[2025-05-10T05:11:06.790Z] Request: GET /fonts/Px437_IBM_VGA_8x16.woff
- User-Agent: Mozilla/5.0 (Macintosh; Intel Mac OS X 10_15_7) AppleWebKit/537.36 (KHTML, like Gecko) Chrome/135.0.0.0 Safari/537.36
- Referrer: http://localhost:3000/
- Host: localhost:3000
- IP: unknown
 ✓ Compiled in 469ms (1145 modules)
[2025-05-10T05:14:22.462Z] Request: GET /
- User-Agent: Mozilla/5.0 (Macintosh; Intel Mac OS X 10_15_7) AppleWebKit/537.36 (KHTML, like Gecko) Chrome/135.0.0.0 Safari/537.36
- Referrer: http://localhost:3000/
- Host: localhost:3000
- IP: unknown
Development mode: Skipping authentication check
 GET / 200 in 51ms
 ✓ Compiled in 428ms (1145 modules)
[2025-05-10T05:14:55.156Z] Request: GET /
- User-Agent: Mozilla/5.0 (Macintosh; Intel Mac OS X 10_15_7) AppleWebKit/537.36 (KHTML, like Gecko) Chrome/135.0.0.0 Safari/537.36
- Referrer: http://localhost:3000/
- Host: localhost:3000
- IP: unknown
Development mode: Skipping authentication check
 GET / 200 in 36ms
 ✓ Compiled in 476ms (1145 modules)
[2025-05-10T05:17:10.146Z] Request: GET /
- User-Agent: Mozilla/5.0 (Macintosh; Intel Mac OS X 10_15_7) AppleWebKit/537.36 (KHTML, like Gecko) Chrome/135.0.0.0 Safari/537.36
- Referrer: http://localhost:3000/
- Host: localhost:3000
- IP: unknown
Development mode: Skipping authentication check
 GET / 200 in 60ms
 ✓ Compiled in 614ms (1147 modules)
[2025-05-10T05:17:22.967Z] Request: GET /
- User-Agent: Mozilla/5.0 (Macintosh; Intel Mac OS X 10_15_7) AppleWebKit/537.36 (KHTML, like Gecko) Chrome/135.0.0.0 Safari/537.36
- Referrer: http://localhost:3000/
- Host: localhost:3000
- IP: unknown
Development mode: Skipping authentication check
 GET / 200 in 37ms
 ✓ Compiled in 749ms (1147 modules)
[2025-05-10T05:21:28.114Z] Request: GET /
- User-Agent: Mozilla/5.0 (Macintosh; Intel Mac OS X 10_15_7) AppleWebKit/537.36 (KHTML, like Gecko) Chrome/135.0.0.0 Safari/537.36
- Referrer: http://localhost:3000/
- Host: localhost:3000
- IP: unknown
Development mode: Skipping authentication check
 ⨯ [Error: ENOENT: no such file or directory, open '/Users/ryankrammes/Kraft_AI (App)/DIY_Recipes/modern-diy-recipes/.next/server/app/page.js'] {
  errno: -2,
  code: 'ENOENT',
  syscall: 'open',
  path: '/Users/ryankrammes/Kraft_AI (App)/DIY_Recipes/modern-diy-recipes/.next/server/app/page.js',
  page: '/'
}
 ○ Compiling /_error ...
 ✓ Compiled /_error in 1048ms (1455 modules)
 GET / 500 in 1415ms
[2025-05-10T05:21:29.535Z] Request: GET /
- User-Agent: Mozilla/5.0 (Macintosh; Intel Mac OS X 10_15_7) AppleWebKit/537.36 (KHTML, like Gecko) Chrome/135.0.0.0 Safari/537.36
- Referrer: http://localhost:3000/
- Host: localhost:3000
- IP: unknown
Development mode: Skipping authentication check
 GET / 200 in 60ms
[2025-05-10T05:21:29.600Z] Request: GET /
- User-Agent: Mozilla/5.0 (Macintosh; Intel Mac OS X 10_15_7) AppleWebKit/537.36 (KHTML, like Gecko) Chrome/135.0.0.0 Safari/537.36
- Referrer: http://localhost:3000/
- Host: localhost:3000
- IP: unknown
Development mode: Skipping authentication check
 GET / 200 in 7ms
[2025-05-10T05:21:29.619Z] Request: GET /
- User-Agent: Mozilla/5.0 (Macintosh; Intel Mac OS X 10_15_7) AppleWebKit/537.36 (KHTML, like Gecko) Chrome/135.0.0.0 Safari/537.36
- Referrer: http://localhost:3000/
- Host: localhost:3000
- IP: unknown
Development mode: Skipping authentication check
Module "DIY Formulations" (formulations) registered successfully
Module "Settings" (settings) registered successfully
 GET / 200 in 85ms
 ✓ Compiled /_not-found in 136ms (1459 modules)
 GET /_next/static/css/app/layout.css?v=1746854489622 404 in 197ms
 GET /_next/static/chunks/main-app.js?v=1746854489622 404 in 217ms
 GET /_next/static/chunks/app-pages-internals.js 404 in 25ms
 GET /_next/static/chunks/app/page.js 404 in 24ms
[2025-05-10T05:22:29.684Z] Request: GET /
- User-Agent: Mozilla/5.0 (Macintosh; Intel Mac OS X 10_15_7) AppleWebKit/537.36 (KHTML, like Gecko) HeadlessChrome/131.0.0.0 Safari/537.36
- Referrer: null
- Host: localhost:3000
- IP: unknown
Development mode: Skipping authentication check
Module "DIY Formulations" (formulations) registered successfully
Module "Settings" (settings) registered successfully
 GET / 200 in 122ms
[2025-05-10T05:22:30.244Z] Request: GET /fonts/JetBrainsMono-Regular.woff2
- User-Agent: Mozilla/5.0 (Macintosh; Intel Mac OS X 10_15_7) AppleWebKit/537.36 (KHTML, like Gecko) HeadlessChrome/131.0.0.0 Safari/537.36
- Referrer: http://localhost:3000/
- Host: localhost:3000
- IP: unknown
[2025-05-10T05:22:30.245Z] Request: GET /fonts/Px437_IBM_VGA_8x16.woff
- User-Agent: Mozilla/5.0 (Macintosh; Intel Mac OS X 10_15_7) AppleWebKit/537.36 (KHTML, like Gecko) HeadlessChrome/131.0.0.0 Safari/537.36
- Referrer: http://localhost:3000/
- Host: localhost:3000
- IP: unknown
[2025-05-10T05:22:30.245Z] Request: GET /fonts/Share_Tech_Mono.woff
- User-Agent: Mozilla/5.0 (Macintosh; Intel Mac OS X 10_15_7) AppleWebKit/537.36 (KHTML, like Gecko) HeadlessChrome/131.0.0.0 Safari/537.36
- Referrer: http://localhost:3000/
- Host: localhost:3000
- IP: unknown
 GET /_next/static/css/app/layout.css?v=1746854549710 404 in 433ms
 GET /_next/static/chunks/main-app.js?v=1746854549710 404 in 58ms
 GET /_next/static/chunks/app-pages-internals.js 404 in 59ms
 GET /_next/static/chunks/app/page.js 404 in 52ms
 ○ Compiling /favicon.ico ...
 ✓ Compiled /favicon.ico in 515ms (715 modules)
 GET /favicon.ico 200 in 577ms
[2025-05-10T05:23:40.313Z] Request: GET /
- User-Agent: Mozilla/5.0 (Macintosh; Intel Mac OS X 10_15_7) AppleWebKit/537.36 (KHTML, like Gecko) HeadlessChrome/131.0.0.0 Safari/537.36
- Referrer: null
- Host: localhost:3000
- IP: unknown
Development mode: Skipping authentication check
Module "DIY Formulations" (formulations) registered successfully
Module "Settings" (settings) registered successfully
 GET / 200 in 120ms
 GET /_next/static/css/app/layout.css?v=1746854620346 404 in 23ms
[2025-05-10T05:23:40.466Z] Request: GET /fonts/JetBrainsMono-Regular.woff2
- User-Agent: Mozilla/5.0 (Macintosh; Intel Mac OS X 10_15_7) AppleWebKit/537.36 (KHTML, like Gecko) HeadlessChrome/131.0.0.0 Safari/537.36
- Referrer: http://localhost:3000/
- Host: localhost:3000
- IP: unknown
[2025-05-10T05:23:40.467Z] Request: GET /fonts/Px437_IBM_VGA_8x16.woff
- User-Agent: Mozilla/5.0 (Macintosh; Intel Mac OS X 10_15_7) AppleWebKit/537.36 (KHTML, like Gecko) HeadlessChrome/131.0.0.0 Safari/537.36
- Referrer: http://localhost:3000/
- Host: localhost:3000
- IP: unknown
[2025-05-10T05:23:40.467Z] Request: GET /fonts/Share_Tech_Mono.woff
- User-Agent: Mozilla/5.0 (Macintosh; Intel Mac OS X 10_15_7) AppleWebKit/537.36 (KHTML, like Gecko) HeadlessChrome/131.0.0.0 Safari/537.36
- Referrer: http://localhost:3000/
- Host: localhost:3000
- IP: unknown
 GET /_next/static/chunks/main-app.js?v=1746854620346 404 in 53ms
 GET /_next/static/chunks/app-pages-internals.js 404 in 53ms
 GET /_next/static/chunks/app/page.js 404 in 18ms
 GET /favicon.ico 200 in 3ms
[2025-05-10T05:25:12.473Z] Request: GET /
- User-Agent: Mozilla/5.0 (Macintosh; Intel Mac OS X 10_15_7) AppleWebKit/537.36 (KHTML, like Gecko) Chrome/135.0.0.0 Safari/537.36
- Referrer: http://localhost:3000/
- Host: localhost:3000
- IP: unknown
Development mode: Skipping authentication check
 GET / 200 in 20ms
 GET /_next/static/css/app/layout.css?v=1746854712477 404 in 20ms
 GET /_next/static/chunks/main-app.js?v=1746854712477 404 in 49ms
 GET /_next/static/chunks/app-pages-internals.js 404 in 48ms
 GET /_next/static/chunks/app/page.js 404 in 46ms
[2025-05-10T05:25:13.543Z] Request: GET /
- User-Agent: Mozilla/5.0 (Macintosh; Intel Mac OS X 10_15_7) AppleWebKit/537.36 (KHTML, like Gecko) Chrome/135.0.0.0 Safari/537.36
- Referrer: http://localhost:3000/
- Host: localhost:3000
- IP: unknown
Development mode: Skipping authentication check
 GET / 200 in 25ms
 GET /_next/static/css/app/layout.css?v=1746854713551 404 in 13ms
 GET /_next/static/chunks/main-app.js?v=1746854713551 404 in 36ms
 GET /_next/static/chunks/app-pages-internals.js 404 in 37ms
 GET /_next/static/chunks/app/page.js 404 in 36ms
[?25h
